Archive member included to satisfy reference by file (symbol)

e:/stm32cubeide_1.8.0/stm32cubeide/plugins/com.st.stm32cube.ide.mcu.externaltools.gnu-tools-for-stm32.9-2020-q2-update.win32_2.0.0.202105311346/tools/bin/../lib/gcc/arm-none-eabi/9.3.1/../../../../arm-none-eabi/lib/thumb/v7-m/nofp\libc_nano.a(lib_a-errno.o)
                              ./Core/Src/syscalls.o (__errno)
e:/stm32cubeide_1.8.0/stm32cubeide/plugins/com.st.stm32cube.ide.mcu.externaltools.gnu-tools-for-stm32.9-2020-q2-update.win32_2.0.0.202105311346/tools/bin/../lib/gcc/arm-none-eabi/9.3.1/../../../../arm-none-eabi/lib/thumb/v7-m/nofp\libc_nano.a(lib_a-exit.o)
                              e:/stm32cubeide_1.8.0/stm32cubeide/plugins/com.st.stm32cube.ide.mcu.externaltools.gnu-tools-for-stm32.9-2020-q2-update.win32_2.0.0.202105311346/tools/bin/../lib/gcc/arm-none-eabi/9.3.1/../../../../arm-none-eabi/lib/thumb/v7-m/nofp/crt0.o (exit)
e:/stm32cubeide_1.8.0/stm32cubeide/plugins/com.st.stm32cube.ide.mcu.externaltools.gnu-tools-for-stm32.9-2020-q2-update.win32_2.0.0.202105311346/tools/bin/../lib/gcc/arm-none-eabi/9.3.1/../../../../arm-none-eabi/lib/thumb/v7-m/nofp\libc_nano.a(lib_a-impure.o)
                              e:/stm32cubeide_1.8.0/stm32cubeide/plugins/com.st.stm32cube.ide.mcu.externaltools.gnu-tools-for-stm32.9-2020-q2-update.win32_2.0.0.202105311346/tools/bin/../lib/gcc/arm-none-eabi/9.3.1/../../../../arm-none-eabi/lib/thumb/v7-m/nofp\libc_nano.a(lib_a-exit.o) (_global_impure_ptr)
e:/stm32cubeide_1.8.0/stm32cubeide/plugins/com.st.stm32cube.ide.mcu.externaltools.gnu-tools-for-stm32.9-2020-q2-update.win32_2.0.0.202105311346/tools/bin/../lib/gcc/arm-none-eabi/9.3.1/../../../../arm-none-eabi/lib/thumb/v7-m/nofp\libc_nano.a(lib_a-init.o)
                              e:/stm32cubeide_1.8.0/stm32cubeide/plugins/com.st.stm32cube.ide.mcu.externaltools.gnu-tools-for-stm32.9-2020-q2-update.win32_2.0.0.202105311346/tools/bin/../lib/gcc/arm-none-eabi/9.3.1/../../../../arm-none-eabi/lib/thumb/v7-m/nofp/crt0.o (__libc_init_array)
e:/stm32cubeide_1.8.0/stm32cubeide/plugins/com.st.stm32cube.ide.mcu.externaltools.gnu-tools-for-stm32.9-2020-q2-update.win32_2.0.0.202105311346/tools/bin/../lib/gcc/arm-none-eabi/9.3.1/../../../../arm-none-eabi/lib/thumb/v7-m/nofp\libc_nano.a(lib_a-memset.o)
                              e:/stm32cubeide_1.8.0/stm32cubeide/plugins/com.st.stm32cube.ide.mcu.externaltools.gnu-tools-for-stm32.9-2020-q2-update.win32_2.0.0.202105311346/tools/bin/../lib/gcc/arm-none-eabi/9.3.1/../../../../arm-none-eabi/lib/thumb/v7-m/nofp/crt0.o (memset)

Allocating common symbols
Common symbol       size              file

uwTick              0x4               ./Drivers/STM32F1xx_HAL_Driver/Src/stm32f1xx_hal.o
pFlash              0x20              ./Drivers/STM32F1xx_HAL_Driver/Src/stm32f1xx_hal_flash.o

Discarded input sections

 .text          0x0000000000000000        0x0 e:/stm32cubeide_1.8.0/stm32cubeide/plugins/com.st.stm32cube.ide.mcu.externaltools.gnu-tools-for-stm32.9-2020-q2-update.win32_2.0.0.202105311346/tools/bin/../lib/gcc/arm-none-eabi/9.3.1/thumb/v7-m/nofp/crti.o
 .data          0x0000000000000000        0x0 e:/stm32cubeide_1.8.0/stm32cubeide/plugins/com.st.stm32cube.ide.mcu.externaltools.gnu-tools-for-stm32.9-2020-q2-update.win32_2.0.0.202105311346/tools/bin/../lib/gcc/arm-none-eabi/9.3.1/thumb/v7-m/nofp/crti.o
 .bss           0x0000000000000000        0x0 e:/stm32cubeide_1.8.0/stm32cubeide/plugins/com.st.stm32cube.ide.mcu.externaltools.gnu-tools-for-stm32.9-2020-q2-update.win32_2.0.0.202105311346/tools/bin/../lib/gcc/arm-none-eabi/9.3.1/thumb/v7-m/nofp/crti.o
 .data          0x0000000000000000        0x4 e:/stm32cubeide_1.8.0/stm32cubeide/plugins/com.st.stm32cube.ide.mcu.externaltools.gnu-tools-for-stm32.9-2020-q2-update.win32_2.0.0.202105311346/tools/bin/../lib/gcc/arm-none-eabi/9.3.1/thumb/v7-m/nofp/crtbegin.o
 .text          0x0000000000000000       0x7c e:/stm32cubeide_1.8.0/stm32cubeide/plugins/com.st.stm32cube.ide.mcu.externaltools.gnu-tools-for-stm32.9-2020-q2-update.win32_2.0.0.202105311346/tools/bin/../lib/gcc/arm-none-eabi/9.3.1/../../../../arm-none-eabi/lib/thumb/v7-m/nofp/crt0.o
 .data          0x0000000000000000        0x0 e:/stm32cubeide_1.8.0/stm32cubeide/plugins/com.st.stm32cube.ide.mcu.externaltools.gnu-tools-for-stm32.9-2020-q2-update.win32_2.0.0.202105311346/tools/bin/../lib/gcc/arm-none-eabi/9.3.1/../../../../arm-none-eabi/lib/thumb/v7-m/nofp/crt0.o
 .bss           0x0000000000000000        0x0 e:/stm32cubeide_1.8.0/stm32cubeide/plugins/com.st.stm32cube.ide.mcu.externaltools.gnu-tools-for-stm32.9-2020-q2-update.win32_2.0.0.202105311346/tools/bin/../lib/gcc/arm-none-eabi/9.3.1/../../../../arm-none-eabi/lib/thumb/v7-m/nofp/crt0.o
[...]
Memory Configuration

Name             Origin             Length             Attributes
RAM              0x0000000020000000 0x0000000000005000 xrw
FLASH            0x0000000008000000 0x0000000000010000 xr
*default*        0x0000000000000000 0xffffffffffffffff

Linker script and memory map

LOAD e:/stm32cubeide_1.8.0/stm32cubeide/plugins/com.st.stm32cube.ide.mcu.externaltools.gnu-tools-for-stm32.9-2020-q2-update.win32_2.0.0.202105311346/tools/bin/../lib/gcc/arm-none-eabi/9.3.1/thumb/v7-m/nofp/crti.o
LOAD e:/stm32cubeide_1.8.0/stm32cubeide/plugins/com.st.stm32cube.ide.mcu.externaltools.gnu-tools-for-stm32.9-2020-q2-update.win32_2.0.0.202105311346/tools/bin/../lib/gcc/arm-none-eabi/9.3.1/thumb/v7-m/nofp/crtbegin.o
LOAD e:/stm32cubeide_1.8.0/stm32cubeide/plugins/com.st.stm32cube.ide.mcu.externaltools.gnu-tools-for-stm32.9-2020-q2-update.win32_2.0.0.202105311346/tools/bin/../lib/gcc/arm-none-eabi/9.3.1/../../../../arm-none-eabi/lib/thumb/v7-m/nofp/crt0.o
LOAD ./Core/Src/DFPlayer.o
LOAD ./Core/Src/FlashPROM.o
LOAD ./Core/Src/MexButton.o
LOAD ./Core/Src/TM1637Display.o
LOAD ./Core/Src/main.o
LOAD ./Core/Src/sk6812.o
LOAD ./Core/Src/stm32f1xx_hal_msp.o
LOAD ./Core/Src/stm32f1xx_it.o
LOAD ./Core/Src/syscalls.o
LOAD ./Core/Src/sysmem.o
LOAD ./Core/Src/system_stm32f1xx.o
LOAD ./Core/Startup/startup_stm32f103c8tx.o
LOAD ./Drivers/STM32F1xx_HAL_Driver/Src/stm32f1xx_hal.o
LOAD ./Drivers/STM32F1xx_HAL_Driver/Src/stm32f1xx_hal_cortex.o
LOAD ./Drivers/STM32F1xx_HAL_Driver/Src/stm32f1xx_hal_crc.o
LOAD ./Drivers/STM32F1xx_HAL_Driver/Src/stm32f1xx_hal_dma.o
LOAD ./Drivers/STM32F1xx_HAL_Driver/Src/stm32f1xx_hal_exti.o
LOAD ./Drivers/STM32F1xx_HAL_Driver/Src/stm32f1xx_hal_flash.o
LOAD ./Drivers/STM32F1xx_HAL_Driver/Src/stm32f1xx_hal_flash_ex.o
LOAD ./Drivers/STM32F1xx_HAL_Driver/Src/stm32f1xx_hal_gpio.o
LOAD ./Drivers/STM32F1xx_HAL_Driver/Src/stm32f1xx_hal_gpio_ex.o
LOAD ./Drivers/STM32F1xx_HAL_Driver/Src/stm32f1xx_hal_pwr.o
LOAD ./Drivers/STM32F1xx_HAL_Driver/Src/stm32f1xx_hal_rcc.o
LOAD ./Drivers/STM32F1xx_HAL_Driver/Src/stm32f1xx_hal_rcc_ex.o
LOAD ./Drivers/STM32F1xx_HAL_Driver/Src/stm32f1xx_hal_rtc.o
LOAD ./Drivers/STM32F1xx_HAL_Driver/Src/stm32f1xx_hal_rtc_ex.o
LOAD ./Drivers/STM32F1xx_HAL_Driver/Src/stm32f1xx_hal_tim.o
LOAD ./Drivers/STM32F1xx_HAL_Driver/Src/stm32f1xx_hal_tim_ex.o
LOAD ./Drivers/STM32F1xx_HAL_Driver/Src/stm32f1xx_hal_uart.o
START GROUP
LOAD e:/stm32cubeide_1.8.0/stm32cubeide/plugins/com.st.stm32cube.ide.mcu.externaltools.gnu-tools-for-stm32.9-2020-q2-update.win32_2.0.0.202105311346/tools/bin/../lib/gcc/arm-none-eabi/9.3.1/../../../../arm-none-eabi/lib/thumb/v7-m/nofp\libstdc++_nano.a
LOAD e:/stm32cubeide_1.8.0/stm32cubeide/plugins/com.st.stm32cube.ide.mcu.externaltools.gnu-tools-for-stm32.9-2020-q2-update.win32_2.0.0.202105311346/tools/bin/../lib/gcc/arm-none-eabi/9.3.1/../../../../arm-none-eabi/lib/thumb/v7-m/nofp\libsupc++_nano.a
END GROUP
LOAD e:/stm32cubeide_1.8.0/stm32cubeide/plugins/com.st.stm32cube.ide.mcu.externaltools.gnu-tools-for-stm32.9-2020-q2-update.win32_2.0.0.202105311346/tools/bin/../lib/gcc/arm-none-eabi/9.3.1/../../../../arm-none-eabi/lib/thumb/v7-m/nofp\libstdc++_nano.a
LOAD e:/stm32cubeide_1.8.0/stm32cubeide/plugins/com.st.stm32cube.ide.mcu.externaltools.gnu-tools-for-stm32.9-2020-q2-update.win32_2.0.0.202105311346/tools/bin/../lib/gcc/arm-none-eabi/9.3.1/../../../../arm-none-eabi/lib/thumb/v7-m/nofp\libm.a
LOAD e:/stm32cubeide_1.8.0/stm32cubeide/plugins/com.st.stm32cube.ide.mcu.externaltools.gnu-tools-for-stm32.9-2020-q2-update.win32_2.0.0.202105311346/tools/bin/../lib/gcc/arm-none-eabi/9.3.1/../../../../arm-none-eabi/lib/thumb/v7-m/nofp\libc_nano.a
START GROUP
LOAD e:/stm32cubeide_1.8.0/stm32cubeide/plugins/com.st.stm32cube.ide.mcu.externaltools.gnu-tools-for-stm32.9-2020-q2-update.win32_2.0.0.202105311346/tools/bin/../lib/gcc/arm-none-eabi/9.3.1/thumb/v7-m/nofp\libgcc.a
LOAD e:/stm32cubeide_1.8.0/stm32cubeide/plugins/com.st.stm32cube.ide.mcu.externaltools.gnu-tools-for-stm32.9-2020-q2-update.win32_2.0.0.202105311346/tools/bin/../lib/gcc/arm-none-eabi/9.3.1/../../../../arm-none-eabi/lib/thumb/v7-m/nofp\libc_nano.a
END GROUP
START GROUP
LOAD e:/stm32cubeide_1.8.0/stm32cubeide/plugins/com.st.stm32cube.ide.mcu.externaltools.gnu-tools-for-stm32.9-2020-q2-update.win32_2.0.0.202105311346/tools/bin/../lib/gcc/arm-none-eabi/9.3.1/thumb/v7-m/nofp\libgcc.a
LOAD e:/stm32cubeide_1.8.0/stm32cubeide/plugins/com.st.stm32cube.ide.mcu.externaltools.gnu-tools-for-stm32.9-2020-q2-update.win32_2.0.0.202105311346/tools/bin/../lib/gcc/arm-none-eabi/9.3.1/../../../../arm-none-eabi/lib/thumb/v7-m/nofp\libc_nano.a
LOAD e:/stm32cubeide_1.8.0/stm32cubeide/plugins/com.st.stm32cube.ide.mcu.externaltools.gnu-tools-for-stm32.9-2020-q2-update.win32_2.0.0.202105311346/tools/bin/../lib/gcc/arm-none-eabi/9.3.1/../../../../arm-none-eabi/lib/thumb/v7-m/nofp\libnosys.a
END GROUP
START GROUP
LOAD e:/stm32cubeide_1.8.0/stm32cubeide/plugins/com.st.stm32cube.ide.mcu.externaltools.gnu-tools-for-stm32.9-2020-q2-update.win32_2.0.0.202105311346/tools/bin/../lib/gcc/arm-none-eabi/9.3.1/thumb/v7-m/nofp\libgcc.a
LOAD e:/stm32cubeide_1.8.0/stm32cubeide/plugins/com.st.stm32cube.ide.mcu.externaltools.gnu-tools-for-stm32.9-2020-q2-update.win32_2.0.0.202105311346/tools/bin/../lib/gcc/arm-none-eabi/9.3.1/../../../../arm-none-eabi/lib/thumb/v7-m/nofp\libc_nano.a
LOAD e:/stm32cubeide_1.8.0/stm32cubeide/plugins/com.st.stm32cube.ide.mcu.externaltools.gnu-tools-for-stm32.9-2020-q2-update.win32_2.0.0.202105311346/tools/bin/../lib/gcc/arm-none-eabi/9.3.1/../../../../arm-none-eabi/lib/thumb/v7-m/nofp\libnosys.a
END GROUP
LOAD e:/stm32cubeide_1.8.0/stm32cubeide/plugins/com.st.stm32cube.ide.mcu.externaltools.gnu-tools-for-stm32.9-2020-q2-update.win32_2.0.0.202105311346/tools/bin/../lib/gcc/arm-none-eabi/9.3.1/thumb/v7-m/nofp/crtend.o
LOAD e:/stm32cubeide_1.8.0/stm32cubeide/plugins/com.st.stm32cube.ide.mcu.externaltools.gnu-tools-for-stm32.9-2020-q2-update.win32_2.0.0.202105311346/tools/bin/../lib/gcc/arm-none-eabi/9.3.1/thumb/v7-m/nofp/crtn.o
                0x0000000020005000                _estack = (ORIGIN (RAM) + LENGTH (RAM))
                0x0000000000000200                _Min_Heap_Size = 0x200
                0x0000000000000400                _Min_Stack_Size = 0x400

.isr_vector     0x0000000008000000      0x10c
                0x0000000008000000                . = ALIGN (0x4)
 *(.isr_vector)
 .isr_vector    0x0000000008000000      0x10c ./Core/Startup/startup_stm32f103c8tx.o
                0x0000000008000000                g_pfnVectors
                0x000000000800010c                . = ALIGN (0x4)

.text           0x000000000800010c     0x7744
                0x000000000800010c                . = ALIGN (0x4)
 *(.text)
 .text          0x000000000800010c       0x40 e:/stm32cubeide_1.8.0/stm32cubeide/plugins/com.st.stm32cube.ide.mcu.externaltools.gnu-tools-for-stm32.9-2020-q2-update.win32_2.0.0.202105311346/tools/bin/../lib/gcc/arm-none-eabi/9.3.1/thumb/v7-m/nofp/crtbegin.o
 *(.text*)
 .text._ZN8DFPlayerC2EP20__UART_HandleTypeDef
                0x000000000800014c       0x62 ./Core/Src/DFPlayer.o
                0x000000000800014c                DFPlayer::DFPlayer(__UART_HandleTypeDef*)
                0x000000000800014c                DFPlayer::DFPlayer(__UART_HandleTypeDef*)
 .text._ZN8DFPlayer8Send_cmdEhhh
                0x00000000080001ae       0x96 ./Core/Src/DFPlayer.o
                0x00000000080001ae                DFPlayer::Send_cmd(unsigned char, unsigned char, unsigned char)
 .text._ZN8DFPlayer5PauseEv
                0x0000000008000244       0x1c ./Core/Src/DFPlayer.o
                0x0000000008000244                DFPlayer::Pause()
 .text._ZN8DFPlayer12GetNowStatusEv
                0x0000000008000260       0x16 ./Core/Src/DFPlayer.o
                0x0000000008000260                DFPlayer::GetNowStatus()
 .text._ZN8DFPlayer4PlayEv
                0x0000000008000276       0x1c ./Core/Src/DFPlayer.o
                0x0000000008000276                DFPlayer::Play()
 .text._ZN8DFPlayer6VolumeEh
                0x0000000008000292       0x3c ./Core/Src/DFPlayer.o
                0x0000000008000292                DFPlayer::Volume(unsigned char)
 .text._ZN8DFPlayer5ReadyEv
                0x00000000080002ce       0x30 ./Core/Src/DFPlayer.o
                0x00000000080002ce                DFPlayer::Ready()
 *fill*         0x00000000080002fe        0x2 
 .text._ZN8DFPlayer9SetStatusEv
                0x0000000008000300       0x70 ./Core/Src/DFPlayer.o
                0x0000000008000300                DFPlayer::SetStatus()
 .text._Z11erase_flashv
                0x0000000008000370       0x44 ./Core/Src/FlashPROM.o
                0x0000000008000370                erase_flash()
 .text._Z19flash_search_adressmt
                0x00000000080003b4       0x64 ./Core/Src/FlashPROM.o
                0x00000000080003b4                flash_search_adress(unsigned long, unsigned short)
 .text._Z14write_to_flashPm
                0x0000000008000418       0x68 ./Core/Src/FlashPROM.o
                0x0000000008000418                write_to_flash(unsigned long*)
 .text._Z23read_last_data_in_flashPm
                0x0000000008000480       0x54 ./Core/Src/FlashPROM.o
                0x0000000008000480                read_last_data_in_flash(unsigned long*)
 .text._ZN9MexButtonC2EP12GPIO_TypeDeftbb
                0x00000000080004d4       0xb4 ./Core/Src/MexButton.o
                0x00000000080004d4                MexButton::MexButton(GPIO_TypeDef*, unsigned short, bool, bool)
                0x00000000080004d4                MexButton::MexButton(GPIO_TypeDef*, unsigned short, bool, bool)
 .text._ZN9MexButton10setDebounsEt
                0x0000000008000588       0x1c ./Core/Src/MexButton.o
                0x0000000008000588                MexButton::setDebouns(unsigned short)
 .text._ZN9MexButton10setTimeoutEt
                0x00000000080005a4       0x1c ./Core/Src/MexButton.o
                0x00000000080005a4                MexButton::setTimeout(unsigned short)
 .text._ZN9MexButton7setTypeEb
                0x00000000080005c0       0x6c ./Core/Src/MexButton.o
                0x00000000080005c0                MexButton::setType(bool)
 .text._ZN9MexButton7isClickEv
                0x000000000800062c       0x42 ./Core/Src/MexButton.o
                0x000000000800062c                MexButton::isClick()
 .text._ZN9MexButton8isHoldedEv
                0x000000000800066e       0x42 ./Core/Src/MexButton.o
                0x000000000800066e                MexButton::isHolded()
 .text._ZN9MexButton6isHoldEv
                0x00000000080006b0       0x38 ./Core/Src/MexButton.o
                0x00000000080006b0                MexButton::isHold()
 .text._ZN9MexButton11resetStatesEv
                0x00000000080006e8       0x5a ./Core/Src/MexButton.o
                0x00000000080006e8                MexButton::resetStates()
 .text._ZN9MexButton4tickEv
                0x0000000008000742      0x25c ./Core/Src/MexButton.o
                0x0000000008000742                MexButton::tick()
 .text._ZN14TM1637_DisplayC2EP12GPIO_TypeDeftS1_tP17TIM_HandleTypeDef
                0x000000000800099e       0x4c ./Core/Src/TM1637Display.o
                0x000000000800099e                TM1637_Display::TM1637_Display(GPIO_TypeDef*, unsigned short, GPIO_TypeDef*, unsigned short, TIM_HandleTypeDef*)
                0x000000000800099e                TM1637_Display::TM1637_Display(GPIO_TypeDef*, unsigned short, GPIO_TypeDef*, unsigned short, TIM_HandleTypeDef*)
 *fill*         0x00000000080009ea        0x2 
 .text._ZN14TM1637_Display7displayEPh
                0x00000000080009ec       0x70 ./Core/Src/TM1637Display.o
                0x00000000080009ec                TM1637_Display::display(unsigned char*)
 .text._ZN14TM1637_Display11displayByteEPh
                0x0000000008000a5c       0x5e ./Core/Src/TM1637Display.o
                0x0000000008000a5c                TM1637_Display::displayByte(unsigned char*)
 *fill*         0x0000000008000aba        0x2 
 .text._ZN14TM1637_Display7displayEhh
                0x0000000008000abc       0x48 ./Core/Src/TM1637Display.o
                0x0000000008000abc                TM1637_Display::display(unsigned char, unsigned char)
 .text._ZN14TM1637_Display7displayEhhhh
                0x0000000008000b04       0x3e ./Core/Src/TM1637Display.o
                0x0000000008000b04                TM1637_Display::display(unsigned char, unsigned char, unsigned char, unsigned char)
 .text._ZN14TM1637_Display5clearEv
                0x0000000008000b42       0x50 ./Core/Src/TM1637Display.o
                0x0000000008000b42                TM1637_Display::clear()
 .text._ZN14TM1637_Display10brightnessEhhh
                0x0000000008000b92       0x3e ./Core/Src/TM1637Display.o
                0x0000000008000b92                TM1637_Display::brightness(unsigned char, unsigned char, unsigned char)
 .text._ZN14TM1637_Display5pointEb
                0x0000000008000bd0       0x2e ./Core/Src/TM1637Display.o
                0x0000000008000bd0                TM1637_Display::point(bool)
 *fill*         0x0000000008000bfe        0x2 
 .text._ZN14TM1637_Display12displayClockEhh
                0x0000000008000c00       0x90 ./Core/Src/TM1637Display.o
                0x0000000008000c00                TM1637_Display::displayClock(unsigned char, unsigned char)
 .text._ZN14TM1637_Display10displayIntEs
                0x0000000008000c90      0x18c ./Core/Src/TM1637Display.o
                0x0000000008000c90                TM1637_Display::displayInt(short)
 .text._ZN14TM1637_Display9writeByteEh
                0x0000000008000e1c      0x182 ./Core/Src/TM1637Display.o
                0x0000000008000e1c                TM1637_Display::writeByte(unsigned char)
 .text._ZN14TM1637_Display8sendByteEha
                0x0000000008000f9e       0x6a ./Core/Src/TM1637Display.o
                0x0000000008000f9e                TM1637_Display::sendByte(unsigned char, signed char)
 .text._ZN14TM1637_Display9sendArrayEPh
                0x0000000008001008       0x78 ./Core/Src/TM1637Display.o
                0x0000000008001008                TM1637_Display::sendArray(unsigned char*)
 .text._ZN14TM1637_Display6updateEv
                0x0000000008001080       0x1c ./Core/Src/TM1637Display.o
                0x0000000008001080                TM1637_Display::update()
 .text._ZN14TM1637_Display5startEv
                0x000000000800109c       0x50 ./Core/Src/TM1637Display.o
                0x000000000800109c                TM1637_Display::start()
 .text._ZN14TM1637_Display4stopEv
                0x00000000080010ec       0x50 ./Core/Src/TM1637Display.o
                0x00000000080010ec                TM1637_Display::stop()
 .text.main     0x000000000800113c     0x1628 ./Core/Src/main.o
                0x000000000800113c                main
 .text._Z18SystemClock_Configv
                0x0000000008002764       0xd0 ./Core/Src/main.o
                0x0000000008002764                SystemClock_Config()
 .text._ZL11MX_CRC_Initv
                0x0000000008002834       0x30 ./Core/Src/main.o
 .text._ZL11MX_RTC_Initv
                0x0000000008002864       0x40 ./Core/Src/main.o
 .text._ZL12MX_TIM1_Initv
                0x00000000080028a4      0x17c ./Core/Src/main.o
 .text._ZL12MX_TIM2_Initv
                0x0000000008002a20       0xd0 ./Core/Src/main.o
 .text._ZL12MX_TIM4_Initv
                0x0000000008002af0       0xb8 ./Core/Src/main.o
 .text._ZL19MX_USART1_UART_Initv
                0x0000000008002ba8       0x5c ./Core/Src/main.o
 .text._ZL11MX_DMA_Initv
                0x0000000008002c04       0x3c ./Core/Src/main.o
 .text._ZL12MX_GPIO_Initv
                0x0000000008002c40       0xdc ./Core/Src/main.o
 .text._Z13remainingTimeP15RTC_TimeTypeDefS0_
                0x0000000008002d1c       0xa8 ./Core/Src/main.o
                0x0000000008002d1c                remainingTime(RTC_TimeTypeDef*, RTC_TimeTypeDef*)
 .text.Error_Handler
                0x0000000008002dc4        0xa ./Core/Src/main.o
                0x0000000008002dc4                Error_Handler
 .text._Z3rgbhhh
                0x0000000008002dce       0x3c ./Core/Src/sk6812.o
                0x0000000008002dce                rgb(unsigned char, unsigned char, unsigned char)
 .text._Z7hsv2rgb5HSV_t
                0x0000000008002e0a      0x1ae ./Core/Src/sk6812.o
                0x0000000008002e0a                hsv2rgb(HSV_t)
 .text._ZL6scale8hh
                0x0000000008002fb8       0x26 ./Core/Src/sk6812.o
 *fill*         0x0000000008002fde        0x2 
 .text._Z11led_set_RGBh5RGB_t
                0x0000000008002fe0       0x5c ./Core/Src/sk6812.o
                0x0000000008002fe0                led_set_RGB(unsigned char, RGB_t)
 .text._Z15led_set_all_RGB5RGB_t
                0x000000000800303c       0x2e ./Core/Src/sk6812.o
                0x000000000800303c                led_set_all_RGB(RGB_t)
 *fill*         0x000000000800306a        0x2 
 .text._Z10led_renderv
                0x000000000800306c      0x150 ./Core/Src/sk6812.o
                0x000000000800306c                led_render()
 .text.HAL_TIM_PWM_PulseFinishedHalfCpltCallback
                0x00000000080031bc       0xfc ./Core/Src/sk6812.o
                0x00000000080031bc                HAL_TIM_PWM_PulseFinishedHalfCpltCallback
 .text.HAL_TIM_PWM_PulseFinishedCallback
                0x00000000080032b8      0x10c ./Core/Src/sk6812.o
                0x00000000080032b8                HAL_TIM_PWM_PulseFinishedCallback
 .text.HAL_MspInit
                0x00000000080033c4       0x64 ./Core/Src/stm32f1xx_hal_msp.o
                0x00000000080033c4                HAL_MspInit
 .text.HAL_CRC_MspInit
                0x0000000008003428       0x3c ./Core/Src/stm32f1xx_hal_msp.o
                0x0000000008003428                HAL_CRC_MspInit
 .text.HAL_RTC_MspInit
                0x0000000008003464       0x48 ./Core/Src/stm32f1xx_hal_msp.o
                0x0000000008003464                HAL_RTC_MspInit
 .text.HAL_TIM_Base_MspInit
                0x00000000080034ac       0xbc ./Core/Src/stm32f1xx_hal_msp.o
                0x00000000080034ac                HAL_TIM_Base_MspInit
 .text.HAL_TIM_PWM_MspInit
                0x0000000008003568       0x38 ./Core/Src/stm32f1xx_hal_msp.o
                0x0000000008003568                HAL_TIM_PWM_MspInit
 .text.HAL_TIM_MspPostInit
                0x00000000080035a0       0xa4 ./Core/Src/stm32f1xx_hal_msp.o
                0x00000000080035a0                HAL_TIM_MspPostInit
 .text.HAL_UART_MspInit
                0x0000000008003644       0xa8 ./Core/Src/stm32f1xx_hal_msp.o
                0x0000000008003644                HAL_UART_MspInit
 .text.NMI_Handler
                0x00000000080036ec        0x6 ./Core/Src/stm32f1xx_it.o
                0x00000000080036ec                NMI_Handler
 .text.HardFault_Handler
                0x00000000080036f2        0x6 ./Core/Src/stm32f1xx_it.o
                0x00000000080036f2                HardFault_Handler
 .text.MemManage_Handler
                0x00000000080036f8        0x6 ./Core/Src/stm32f1xx_it.o
                0x00000000080036f8                MemManage_Handler
 .text.BusFault_Handler
                0x00000000080036fe        0x6 ./Core/Src/stm32f1xx_it.o
                0x00000000080036fe                BusFault_Handler
 .text.UsageFault_Handler
                0x0000000008003704        0x6 ./Core/Src/stm32f1xx_it.o
                0x0000000008003704                UsageFault_Handler
 .text.SVC_Handler
                0x000000000800370a        0xc ./Core/Src/stm32f1xx_it.o
                0x000000000800370a                SVC_Handler
 .text.DebugMon_Handler
                0x0000000008003716        0xc ./Core/Src/stm32f1xx_it.o
                0x0000000008003716                DebugMon_Handler
 .text.PendSV_Handler
                0x0000000008003722        0xc ./Core/Src/stm32f1xx_it.o
                0x0000000008003722                PendSV_Handler
 .text.SysTick_Handler
                0x000000000800372e        0xc ./Core/Src/stm32f1xx_it.o
                0x000000000800372e                SysTick_Handler
 *fill*         0x000000000800373a        0x2 
 .text.DMA1_Channel2_IRQHandler
                0x000000000800373c       0x14 ./Core/Src/stm32f1xx_it.o
                0x000000000800373c                DMA1_Channel2_IRQHandler
 .text.USART1_IRQHandler
                0x0000000008003750       0x14 ./Core/Src/stm32f1xx_it.o
                0x0000000008003750                USART1_IRQHandler
 .text.SystemInit
                0x0000000008003764        0xc ./Core/Src/system_stm32f1xx.o
                0x0000000008003764                SystemInit
 .text.Reset_Handler
                0x0000000008003770       0x48 ./Core/Startup/startup_stm32f103c8tx.o
                0x0000000008003770                Reset_Handler
 .text.Default_Handler
                0x00000000080037b8        0x2 ./Core/Startup/startup_stm32f103c8tx.o
                0x00000000080037b8                RTC_Alarm_IRQHandler
                0x00000000080037b8                EXTI2_IRQHandler
                0x00000000080037b8                TIM1_CC_IRQHandler
                0x00000000080037b8                PVD_IRQHandler
                0x00000000080037b8                EXTI3_IRQHandler
                0x00000000080037b8                EXTI0_IRQHandler
                0x00000000080037b8                I2C2_EV_IRQHandler
                0x00000000080037b8                ADC1_2_IRQHandler
                0x00000000080037b8                SPI1_IRQHandler
                0x00000000080037b8                TAMPER_IRQHandler
                0x00000000080037b8                DMA1_Channel4_IRQHandler
                0x00000000080037b8                USART3_IRQHandler
                0x00000000080037b8                RTC_IRQHandler
                0x00000000080037b8                DMA1_Channel7_IRQHandler
                0x00000000080037b8                CAN1_RX1_IRQHandler
                0x00000000080037b8                TIM4_IRQHandler
                0x00000000080037b8                I2C1_EV_IRQHandler
                0x00000000080037b8                DMA1_Channel6_IRQHandler
                0x00000000080037b8                TIM3_IRQHandler
                0x00000000080037b8                RCC_IRQHandler
                0x00000000080037b8                TIM1_TRG_COM_IRQHandler
                0x00000000080037b8                DMA1_Channel1_IRQHandler
                0x00000000080037b8                Default_Handler
                0x00000000080037b8                EXTI15_10_IRQHandler
                0x00000000080037b8                EXTI9_5_IRQHandler
                0x00000000080037b8                SPI2_IRQHandler
                0x00000000080037b8                DMA1_Channel5_IRQHandler
                0x00000000080037b8                EXTI4_IRQHandler
                0x00000000080037b8                USB_LP_CAN1_RX0_IRQHandler
                0x00000000080037b8                USB_HP_CAN1_TX_IRQHandler
                0x00000000080037b8                DMA1_Channel3_IRQHandler
                0x00000000080037b8                TIM1_UP_IRQHandler
                0x00000000080037b8                WWDG_IRQHandler
                0x00000000080037b8                TIM2_IRQHandler
                0x00000000080037b8                TIM1_BRK_IRQHandler
                0x00000000080037b8                EXTI1_IRQHandler
                0x00000000080037b8                USART2_IRQHandler
                0x00000000080037b8                I2C2_ER_IRQHandler
                0x00000000080037b8                CAN1_SCE_IRQHandler
                0x00000000080037b8                FLASH_IRQHandler
                0x00000000080037b8                I2C1_ER_IRQHandler
                0x00000000080037b8                USBWakeUp_IRQHandler
 *fill*         0x00000000080037ba        0x2 
 .text.HAL_Init
                0x00000000080037bc       0x2c ./Drivers/STM32F1xx_HAL_Driver/Src/stm32f1xx_hal.o
                0x00000000080037bc                HAL_Init
 .text.HAL_InitTick
                0x00000000080037e8       0x60 ./Drivers/STM32F1xx_HAL_Driver/Src/stm32f1xx_hal.o
                0x00000000080037e8                HAL_InitTick
 .text.HAL_IncTick
                0x0000000008003848       0x24 ./Drivers/STM32F1xx_HAL_Driver/Src/stm32f1xx_hal.o
                0x0000000008003848                HAL_IncTick
 .text.HAL_GetTick
                0x000000000800386c       0x14 ./Drivers/STM32F1xx_HAL_Driver/Src/stm32f1xx_hal.o
                0x000000000800386c                HAL_GetTick
 .text.HAL_Delay
                0x0000000008003880       0x48 ./Drivers/STM32F1xx_HAL_Driver/Src/stm32f1xx_hal.o
                0x0000000008003880                HAL_Delay
 .text.__NVIC_SetPriorityGrouping
                0x00000000080038c8       0x48 ./Drivers/STM32F1xx_HAL_Driver/Src/stm32f1xx_hal_cortex.o
 .text.__NVIC_GetPriorityGrouping
                0x0000000008003910       0x1c ./Drivers/STM32F1xx_HAL_Driver/Src/stm32f1xx_hal_cortex.o
 .text.__NVIC_EnableIRQ
                0x000000000800392c       0x38 ./Drivers/STM32F1xx_HAL_Driver/Src/stm32f1xx_hal_cortex.o
 .text.__NVIC_SetPriority
                0x0000000008003964       0x54 ./Drivers/STM32F1xx_HAL_Driver/Src/stm32f1xx_hal_cortex.o
 .text.NVIC_EncodePriority
                0x00000000080039b8       0x64 ./Drivers/STM32F1xx_HAL_Driver/Src/stm32f1xx_hal_cortex.o
 .text.SysTick_Config
                0x0000000008003a1c       0x44 ./Drivers/STM32F1xx_HAL_Driver/Src/stm32f1xx_hal_cortex.o
 .text.HAL_NVIC_SetPriorityGrouping
                0x0000000008003a60       0x16 ./Drivers/STM32F1xx_HAL_Driver/Src/stm32f1xx_hal_cortex.o
                0x0000000008003a60                HAL_NVIC_SetPriorityGrouping
 .text.HAL_NVIC_SetPriority
                0x0000000008003a76       0x38 ./Drivers/STM32F1xx_HAL_Driver/Src/stm32f1xx_hal_cortex.o
                0x0000000008003a76                HAL_NVIC_SetPriority
 .text.HAL_NVIC_EnableIRQ
                0x0000000008003aae       0x1c ./Drivers/STM32F1xx_HAL_Driver/Src/stm32f1xx_hal_cortex.o
                0x0000000008003aae                HAL_NVIC_EnableIRQ
 .text.HAL_SYSTICK_Config
                0x0000000008003aca       0x18 ./Drivers/STM32F1xx_HAL_Driver/Src/stm32f1xx_hal_cortex.o
                0x0000000008003aca                HAL_SYSTICK_Config
 .text.HAL_CRC_Init
                0x0000000008003ae2       0x38 ./Drivers/STM32F1xx_HAL_Driver/Src/stm32f1xx_hal_crc.o
                0x0000000008003ae2                HAL_CRC_Init
 *fill*         0x0000000008003b1a        0x2 
 .text.HAL_DMA_Init
                0x0000000008003b1c       0xb4 ./Drivers/STM32F1xx_HAL_Driver/Src/stm32f1xx_hal_dma.o
                0x0000000008003b1c                HAL_DMA_Init
 .text.HAL_DMA_Start_IT
                0x0000000008003bd0       0xbe ./Drivers/STM32F1xx_HAL_Driver/Src/stm32f1xx_hal_dma.o
                0x0000000008003bd0                HAL_DMA_Start_IT
 .text.HAL_DMA_Abort
                0x0000000008003c8e       0x74 ./Drivers/STM32F1xx_HAL_Driver/Src/stm32f1xx_hal_dma.o
                0x0000000008003c8e                HAL_DMA_Abort
 *fill*         0x0000000008003d02        0x2 
 .text.HAL_DMA_Abort_IT
                0x0000000008003d04       0xec ./Drivers/STM32F1xx_HAL_Driver/Src/stm32f1xx_hal_dma.o
                0x0000000008003d04                HAL_DMA_Abort_IT
 .text.HAL_DMA_IRQHandler
                0x0000000008003df0      0x20c ./Drivers/STM32F1xx_HAL_Driver/Src/stm32f1xx_hal_dma.o
                0x0000000008003df0                HAL_DMA_IRQHandler
 .text.DMA_SetConfig
                0x0000000008003ffc       0x5a ./Drivers/STM32F1xx_HAL_Driver/Src/stm32f1xx_hal_dma.o
 *fill*         0x0000000008004056        0x2 
 .text.HAL_FLASH_Program
                0x0000000008004058       0xe0 ./Drivers/STM32F1xx_HAL_Driver/Src/stm32f1xx_hal_flash.o
                0x0000000008004058                HAL_FLASH_Program
 .text.HAL_FLASH_Unlock
                0x0000000008004138       0x4c ./Drivers/STM32F1xx_HAL_Driver/Src/stm32f1xx_hal_flash.o
                0x0000000008004138                HAL_FLASH_Unlock
 .text.HAL_FLASH_Lock
                0x0000000008004184       0x20 ./Drivers/STM32F1xx_HAL_Driver/Src/stm32f1xx_hal_flash.o
                0x0000000008004184                HAL_FLASH_Lock
 .text.FLASH_Program_HalfWord
                0x00000000080041a4       0x38 ./Drivers/STM32F1xx_HAL_Driver/Src/stm32f1xx_hal_flash.o
 .text.FLASH_WaitForLastOperation
                0x00000000080041dc       0x8c ./Drivers/STM32F1xx_HAL_Driver/Src/stm32f1xx_hal_flash.o
                0x00000000080041dc                FLASH_WaitForLastOperation
 .text.FLASH_SetErrorCode
                0x0000000008004268       0xa0 ./Drivers/STM32F1xx_HAL_Driver/Src/stm32f1xx_hal_flash.o
 .text.HAL_FLASHEx_Erase
                0x0000000008004308       0xd8 ./Drivers/STM32F1xx_HAL_Driver/Src/stm32f1xx_hal_flash_ex.o
                0x0000000008004308                HAL_FLASHEx_Erase
 .text.FLASH_MassErase
                0x00000000080043e0       0x38 ./Drivers/STM32F1xx_HAL_Driver/Src/stm32f1xx_hal_flash_ex.o
 .text.FLASH_PageErase
                0x0000000008004418       0x40 ./Drivers/STM32F1xx_HAL_Driver/Src/stm32f1xx_hal_flash_ex.o
                0x0000000008004418                FLASH_PageErase
 .text.HAL_GPIO_Init
                0x0000000008004458      0x308 ./Drivers/STM32F1xx_HAL_Driver/Src/stm32f1xx_hal_gpio.o
                0x0000000008004458                HAL_GPIO_Init
 .text.HAL_GPIO_ReadPin
                0x0000000008004760       0x2e ./Drivers/STM32F1xx_HAL_Driver/Src/stm32f1xx_hal_gpio.o
                0x0000000008004760                HAL_GPIO_ReadPin
 .text.HAL_GPIO_WritePin
                0x000000000800478e       0x30 ./Drivers/STM32F1xx_HAL_Driver/Src/stm32f1xx_hal_gpio.o
                0x000000000800478e                HAL_GPIO_WritePin
 *fill*         0x00000000080047be        0x2 
 .text.HAL_PWR_EnableBkUpAccess
                0x00000000080047c0       0x18 ./Drivers/STM32F1xx_HAL_Driver/Src/stm32f1xx_hal_pwr.o
                0x00000000080047c0                HAL_PWR_EnableBkUpAccess
 .text.HAL_RCC_OscConfig
                0x00000000080047d8      0x500 ./Drivers/STM32F1xx_HAL_Driver/Src/stm32f1xx_hal_rcc.o
                0x00000000080047d8                HAL_RCC_OscConfig
 .text.HAL_RCC_ClockConfig
                0x0000000008004cd8      0x1d4 ./Drivers/STM32F1xx_HAL_Driver/Src/stm32f1xx_hal_rcc.o
                0x0000000008004cd8                HAL_RCC_ClockConfig
 .text.HAL_RCC_GetSysClockFreq
                0x0000000008004eac       0xc0 ./Drivers/STM32F1xx_HAL_Driver/Src/stm32f1xx_hal_rcc.o
                0x0000000008004eac                HAL_RCC_GetSysClockFreq
 .text.HAL_RCC_GetHCLKFreq
                0x0000000008004f6c       0x14 ./Drivers/STM32F1xx_HAL_Driver/Src/stm32f1xx_hal_rcc.o
                0x0000000008004f6c                HAL_RCC_GetHCLKFreq
 .text.HAL_RCC_GetPCLK1Freq
                0x0000000008004f80       0x28 ./Drivers/STM32F1xx_HAL_Driver/Src/stm32f1xx_hal_rcc.o
                0x0000000008004f80                HAL_RCC_GetPCLK1Freq
 .text.HAL_RCC_GetPCLK2Freq
                0x0000000008004fa8       0x28 ./Drivers/STM32F1xx_HAL_Driver/Src/stm32f1xx_hal_rcc.o
                0x0000000008004fa8                HAL_RCC_GetPCLK2Freq
 .text.RCC_Delay
                0x0000000008004fd0       0x3c ./Drivers/STM32F1xx_HAL_Driver/Src/stm32f1xx_hal_rcc.o
 .text.HAL_RCCEx_PeriphCLKConfig
                0x000000000800500c      0x16c ./Drivers/STM32F1xx_HAL_Driver/Src/stm32f1xx_hal_rcc_ex.o
                0x000000000800500c                HAL_RCCEx_PeriphCLKConfig
 .text.HAL_RCCEx_GetPeriphCLKFreq
                0x0000000008005178      0x188 ./Drivers/STM32F1xx_HAL_Driver/Src/stm32f1xx_hal_rcc_ex.o
                0x0000000008005178                HAL_RCCEx_GetPeriphCLKFreq
 .text.HAL_RTC_Init
                0x0000000008005300      0x12c ./Drivers/STM32F1xx_HAL_Driver/Src/stm32f1xx_hal_rtc.o
                0x0000000008005300                HAL_RTC_Init
 .text.HAL_RTC_SetTime
                0x000000000800542c      0x12e ./Drivers/STM32F1xx_HAL_Driver/Src/stm32f1xx_hal_rtc.o
                0x000000000800542c                HAL_RTC_SetTime
 *fill*         0x000000000800555a        0x2 
 .text.HAL_RTC_GetTime
                0x000000000800555c      0x1b0 ./Drivers/STM32F1xx_HAL_Driver/Src/stm32f1xx_hal_rtc.o
                0x000000000800555c                HAL_RTC_GetTime
 .text.HAL_RTC_WaitForSynchro
                0x000000000800570c       0x5a ./Drivers/STM32F1xx_HAL_Driver/Src/stm32f1xx_hal_rtc.o
                0x000000000800570c                HAL_RTC_WaitForSynchro
 .text.RTC_ReadTimeCounter
                0x0000000008005766       0x60 ./Drivers/STM32F1xx_HAL_Driver/Src/stm32f1xx_hal_rtc.o
 .text.RTC_WriteTimeCounter
                0x00000000080057c6       0x4e ./Drivers/STM32F1xx_HAL_Driver/Src/stm32f1xx_hal_rtc.o
 .text.RTC_ReadAlarmCounter
                0x0000000008005814       0x32 ./Drivers/STM32F1xx_HAL_Driver/Src/stm32f1xx_hal_rtc.o
 .text.RTC_WriteAlarmCounter
                0x0000000008005846       0x4e ./Drivers/STM32F1xx_HAL_Driver/Src/stm32f1xx_hal_rtc.o
 .text.RTC_EnterInitMode
                0x0000000008005894       0x50 ./Drivers/STM32F1xx_HAL_Driver/Src/stm32f1xx_hal_rtc.o
 .text.RTC_ExitInitMode
                0x00000000080058e4       0x50 ./Drivers/STM32F1xx_HAL_Driver/Src/stm32f1xx_hal_rtc.o
 .text.RTC_ByteToBcd2
                0x0000000008005934       0x3a ./Drivers/STM32F1xx_HAL_Driver/Src/stm32f1xx_hal_rtc.o
 .text.RTC_Bcd2ToByte
                0x000000000800596e       0x3a ./Drivers/STM32F1xx_HAL_Driver/Src/stm32f1xx_hal_rtc.o
 .text.RTC_DateUpdate
                0x00000000080059a8      0x152 ./Drivers/STM32F1xx_HAL_Driver/Src/stm32f1xx_hal_rtc.o
 *fill*         0x0000000008005afa        0x2 
 .text.RTC_IsLeapYear
                0x0000000008005afc       0x64 ./Drivers/STM32F1xx_HAL_Driver/Src/stm32f1xx_hal_rtc.o
 .text.RTC_WeekDayNum
                0x0000000008005b60       0xf0 ./Drivers/STM32F1xx_HAL_Driver/Src/stm32f1xx_hal_rtc.o
 .text.HAL_TIM_Base_Init
                0x0000000008005c50       0x9e ./Drivers/STM32F1xx_HAL_Driver/Src/stm32f1xx_hal_tim.o
                0x0000000008005c50                HAL_TIM_Base_Init
 *fill*         0x0000000008005cee        0x2 
 .text.HAL_TIM_Base_Start
                0x0000000008005cf0       0x94 ./Drivers/STM32F1xx_HAL_Driver/Src/stm32f1xx_hal_tim.o
                0x0000000008005cf0                HAL_TIM_Base_Start
 .text.HAL_TIM_PWM_Init
                0x0000000008005d84       0x9e ./Drivers/STM32F1xx_HAL_Driver/Src/stm32f1xx_hal_tim.o
                0x0000000008005d84                HAL_TIM_PWM_Init
 *fill*         0x0000000008005e22        0x2 
 .text.HAL_TIM_PWM_Start_DMA
                0x0000000008005e24      0x334 ./Drivers/STM32F1xx_HAL_Driver/Src/stm32f1xx_hal_tim.o
                0x0000000008005e24                HAL_TIM_PWM_Start_DMA
 .text.HAL_TIM_PWM_Stop_DMA
                0x0000000008006158      0x17c ./Drivers/STM32F1xx_HAL_Driver/Src/stm32f1xx_hal_tim.o
                0x0000000008006158                HAL_TIM_PWM_Stop_DMA
 .text.HAL_TIM_PWM_ConfigChannel
                0x00000000080062d4      0x17c ./Drivers/STM32F1xx_HAL_Driver/Src/stm32f1xx_hal_tim.o
                0x00000000080062d4                HAL_TIM_PWM_ConfigChannel
 .text.HAL_TIM_ConfigClockSource
                0x0000000008006450      0x188 ./Drivers/STM32F1xx_HAL_Driver/Src/stm32f1xx_hal_tim.o
                0x0000000008006450                HAL_TIM_ConfigClockSource
 .text.HAL_TIM_ErrorCallback
                0x00000000080065d8       0x12 ./Drivers/STM32F1xx_HAL_Driver/Src/stm32f1xx_hal_tim.o
                0x00000000080065d8                HAL_TIM_ErrorCallback
 .text.TIM_DMAError
                0x00000000080065ea       0x92 ./Drivers/STM32F1xx_HAL_Driver/Src/stm32f1xx_hal_tim.o
                0x00000000080065ea                TIM_DMAError
 .text.TIM_DMADelayPulseCplt
                0x000000000800667c       0xa8 ./Drivers/STM32F1xx_HAL_Driver/Src/stm32f1xx_hal_tim.o
 .text.TIM_DMADelayPulseHalfCplt
                0x0000000008006724       0x68 ./Drivers/STM32F1xx_HAL_Driver/Src/stm32f1xx_hal_tim.o
                0x0000000008006724                TIM_DMADelayPulseHalfCplt
 .text.TIM_Base_SetConfig
                0x000000000800678c       0xc4 ./Drivers/STM32F1xx_HAL_Driver/Src/stm32f1xx_hal_tim.o
                0x000000000800678c                TIM_Base_SetConfig
 .text.TIM_OC1_SetConfig
                0x0000000008006850       0xcc ./Drivers/STM32F1xx_HAL_Driver/Src/stm32f1xx_hal_tim.o
 .text.TIM_OC2_SetConfig
                0x000000000800691c       0xd4 ./Drivers/STM32F1xx_HAL_Driver/Src/stm32f1xx_hal_tim.o
                0x000000000800691c                TIM_OC2_SetConfig
 .text.TIM_OC3_SetConfig
                0x00000000080069f0       0xd4 ./Drivers/STM32F1xx_HAL_Driver/Src/stm32f1xx_hal_tim.o
 .text.TIM_OC4_SetConfig
                0x0000000008006ac4       0x9c ./Drivers/STM32F1xx_HAL_Driver/Src/stm32f1xx_hal_tim.o
 .text.TIM_TI1_ConfigInputStage
                0x0000000008006b60       0x5c ./Drivers/STM32F1xx_HAL_Driver/Src/stm32f1xx_hal_tim.o
 .text.TIM_TI2_ConfigInputStage
                0x0000000008006bbc       0x5e ./Drivers/STM32F1xx_HAL_Driver/Src/stm32f1xx_hal_tim.o
 .text.TIM_ITRx_SetConfig
                0x0000000008006c1a       0x34 ./Drivers/STM32F1xx_HAL_Driver/Src/stm32f1xx_hal_tim.o
 .text.TIM_ETR_SetConfig
                0x0000000008006c4e       0x3e ./Drivers/STM32F1xx_HAL_Driver/Src/stm32f1xx_hal_tim.o
                0x0000000008006c4e                TIM_ETR_SetConfig
 .text.TIM_CCxChannelCmd
                0x0000000008006c8c       0x48 ./Drivers/STM32F1xx_HAL_Driver/Src/stm32f1xx_hal_tim.o
                0x0000000008006c8c                TIM_CCxChannelCmd
 .text.HAL_TIMEx_MasterConfigSynchronization
                0x0000000008006cd4       0xbc ./Drivers/STM32F1xx_HAL_Driver/Src/stm32f1xx_hal_tim_ex.o
                0x0000000008006cd4                HAL_TIMEx_MasterConfigSynchronization
 .text.HAL_TIMEx_ConfigBreakDeadTime
                0x0000000008006d90       0xa2 ./Drivers/STM32F1xx_HAL_Driver/Src/stm32f1xx_hal_tim_ex.o
                0x0000000008006d90                HAL_TIMEx_ConfigBreakDeadTime
 .text.HAL_UART_Init
                0x0000000008006e32       0x9a ./Drivers/STM32F1xx_HAL_Driver/Src/stm32f1xx_hal_uart.o
                0x0000000008006e32                HAL_UART_Init
 .text.HAL_UART_Transmit
                0x0000000008006ecc      0x124 ./Drivers/STM32F1xx_HAL_Driver/Src/stm32f1xx_hal_uart.o
                0x0000000008006ecc                HAL_UART_Transmit
 .text.HAL_UART_IRQHandler
                0x0000000008006ff0      0x354 ./Drivers/STM32F1xx_HAL_Driver/Src/stm32f1xx_hal_uart.o
                0x0000000008006ff0                HAL_UART_IRQHandler
 .text.HAL_UART_TxCpltCallback
                0x0000000008007344       0x12 ./Drivers/STM32F1xx_HAL_Driver/Src/stm32f1xx_hal_uart.o
                0x0000000008007344                HAL_UART_TxCpltCallback
 .text.HAL_UART_RxCpltCallback
                0x0000000008007356       0x12 ./Drivers/STM32F1xx_HAL_Driver/Src/stm32f1xx_hal_uart.o
                0x0000000008007356                HAL_UART_RxCpltCallback
 .text.HAL_UART_ErrorCallback
                0x0000000008007368       0x12 ./Drivers/STM32F1xx_HAL_Driver/Src/stm32f1xx_hal_uart.o
                0x0000000008007368                HAL_UART_ErrorCallback
 .text.HAL_UARTEx_RxEventCallback
                0x000000000800737a       0x16 ./Drivers/STM32F1xx_HAL_Driver/Src/stm32f1xx_hal_uart.o
                0x000000000800737a                HAL_UARTEx_RxEventCallback
 .text.UART_WaitOnFlagUntilTimeout
                0x0000000008007390       0x94 ./Drivers/STM32F1xx_HAL_Driver/Src/stm32f1xx_hal_uart.o
 .text.UART_EndRxTransfer
                0x0000000008007424       0x58 ./Drivers/STM32F1xx_HAL_Driver/Src/stm32f1xx_hal_uart.o
 .text.UART_DMAAbortOnError
                0x000000000800747c       0x28 ./Drivers/STM32F1xx_HAL_Driver/Src/stm32f1xx_hal_uart.o
 .text.UART_Transmit_IT
                0x00000000080074a4       0x9e ./Drivers/STM32F1xx_HAL_Driver/Src/stm32f1xx_hal_uart.o
 .text.UART_EndTransmit_IT
                0x0000000008007542       0x30 ./Drivers/STM32F1xx_HAL_Driver/Src/stm32f1xx_hal_uart.o
 .text.UART_Receive_IT
                0x0000000008007572      0x152 ./Drivers/STM32F1xx_HAL_Driver/Src/stm32f1xx_hal_uart.o
 .text.UART_SetConfig
                0x00000000080076c4      0x11c ./Drivers/STM32F1xx_HAL_Driver/Src/stm32f1xx_hal_uart.o
 .text.__libc_init_array
                0x00000000080077e0       0x48 e:/stm32cubeide_1.8.0/stm32cubeide/plugins/com.st.stm32cube.ide.mcu.externaltools.gnu-tools-for-stm32.9-2020-q2-update.win32_2.0.0.202105311346/tools/bin/../lib/gcc/arm-none-eabi/9.3.1/../../../../arm-none-eabi/lib/thumb/v7-m/nofp\libc_nano.a(lib_a-init.o)
                0x00000000080077e0                __libc_init_array
 .text.memset   0x0000000008007828       0x10 e:/stm32cubeide_1.8.0/stm32cubeide/plugins/com.st.stm32cube.ide.mcu.externaltools.gnu-tools-for-stm32.9-2020-q2-update.win32_2.0.0.202105311346/tools/bin/../lib/gcc/arm-none-eabi/9.3.1/../../../../arm-none-eabi/lib/thumb/v7-m/nofp\libc_nano.a(lib_a-memset.o)
                0x0000000008007828                memset
 *(.glue_7)
 .glue_7        0x0000000008007838        0x0 linker stubs
 *(.glue_7t)
 .glue_7t       0x0000000008007838        0x0 linker stubs
 *(.eh_frame)
 .eh_frame      0x0000000008007838        0x0 e:/stm32cubeide_1.8.0/stm32cubeide/plugins/com.st.stm32cube.ide.mcu.externaltools.gnu-tools-for-stm32.9-2020-q2-update.win32_2.0.0.202105311346/tools/bin/../lib/gcc/arm-none-eabi/9.3.1/thumb/v7-m/nofp/crtbegin.o
 *(.init)
 .init          0x0000000008007838        0x4 e:/stm32cubeide_1.8.0/stm32cubeide/plugins/com.st.stm32cube.ide.mcu.externaltools.gnu-tools-for-stm32.9-2020-q2-update.win32_2.0.0.202105311346/tools/bin/../lib/gcc/arm-none-eabi/9.3.1/thumb/v7-m/nofp/crti.o
                0x0000000008007838                _init
 .init          0x000000000800783c        0x8 e:/stm32cubeide_1.8.0/stm32cubeide/plugins/com.st.stm32cube.ide.mcu.externaltools.gnu-tools-for-stm32.9-2020-q2-update.win32_2.0.0.202105311346/tools/bin/../lib/gcc/arm-none-eabi/9.3.1/thumb/v7-m/nofp/crtn.o
 *(.fini)
 .fini          0x0000000008007844        0x4 e:/stm32cubeide_1.8.0/stm32cubeide/plugins/com.st.stm32cube.ide.mcu.externaltools.gnu-tools-for-stm32.9-2020-q2-update.win32_2.0.0.202105311346/tools/bin/../lib/gcc/arm-none-eabi/9.3.1/thumb/v7-m/nofp/crti.o
                0x0000000008007844                _fini
 .fini          0x0000000008007848        0x8 e:/stm32cubeide_1.8.0/stm32cubeide/plugins/com.st.stm32cube.ide.mcu.externaltools.gnu-tools-for-stm32.9-2020-q2-update.win32_2.0.0.202105311346/tools/bin/../lib/gcc/arm-none-eabi/9.3.1/thumb/v7-m/nofp/crtn.o
                0x0000000008007850                . = ALIGN (0x4)
                0x0000000008007850                _etext = .

.vfp11_veneer   0x0000000008007850        0x0
 .vfp11_veneer  0x0000000008007850        0x0 linker stubs

.v4_bx          0x0000000008007850        0x0
 .v4_bx         0x0000000008007850        0x0 linker stubs

.iplt           0x0000000008007850        0x0
 .iplt          0x0000000008007850        0x0 e:/stm32cubeide_1.8.0/stm32cubeide/plugins/com.st.stm32cube.ide.mcu.externaltools.gnu-tools-for-stm32.9-2020-q2-update.win32_2.0.0.202105311346/tools/bin/../lib/gcc/arm-none-eabi/9.3.1/thumb/v7-m/nofp/crtbegin.o

.rodata         0x0000000008007850       0x50
                0x0000000008007850                . = ALIGN (0x4)
 *(.rodata)
 .rodata        0x0000000008007850        0xb ./Core/Src/main.o
 *fill*         0x000000000800785b        0x1 
 .rodata        0x000000000800785c       0x10 ./Drivers/STM32F1xx_HAL_Driver/Src/stm32f1xx_hal_rcc.o
 .rodata        0x000000000800786c       0x10 ./Drivers/STM32F1xx_HAL_Driver/Src/stm32f1xx_hal_rcc_ex.o
 *(.rodata*)
 .rodata._ZL8digitHEX
                0x000000000800787c        0xc ./Core/Src/TM1637Display.o
 .rodata.AHBPrescTable
                0x0000000008007888       0x10 ./Core/Src/system_stm32f1xx.o
                0x0000000008007888                AHBPrescTable
 .rodata.APBPrescTable
                0x0000000008007898        0x8 ./Core/Src/system_stm32f1xx.o
                0x0000000008007898                APBPrescTable
                0x00000000080078a0                . = ALIGN (0x4)

.rel.dyn        0x00000000080078a0        0x0
 .rel.iplt      0x00000000080078a0        0x0 e:/stm32cubeide_1.8.0/stm32cubeide/plugins/com.st.stm32cube.ide.mcu.externaltools.gnu-tools-for-stm32.9-2020-q2-update.win32_2.0.0.202105311346/tools/bin/../lib/gcc/arm-none-eabi/9.3.1/thumb/v7-m/nofp/crtbegin.o

.ARM.extab      0x00000000080078a0        0x0
                0x00000000080078a0                . = ALIGN (0x4)
 *(.ARM.extab* .gnu.linkonce.armextab.*)
                0x00000000080078a0                . = ALIGN (0x4)

.ARM            0x00000000080078a0        0x0
                0x00000000080078a0                . = ALIGN (0x4)
                0x00000000080078a0                __exidx_start = .
 *(.ARM.exidx*)
                0x00000000080078a0                __exidx_end = .
                0x00000000080078a0                . = ALIGN (0x4)

.preinit_array  0x00000000080078a0        0x0
                0x00000000080078a0                . = ALIGN (0x4)
                0x00000000080078a0                PROVIDE (__preinit_array_start = .)
 *(.preinit_array*)
                0x00000000080078a0                PROVIDE (__preinit_array_end = .)
                0x00000000080078a0                . = ALIGN (0x4)

.init_array     0x00000000080078a0        0x4
                0x00000000080078a0                . = ALIGN (0x4)
                0x00000000080078a0                PROVIDE (__init_array_start = .)
 *(SORT_BY_NAME(.init_array.*))
 *(.init_array*)
 .init_array    0x00000000080078a0        0x4 e:/stm32cubeide_1.8.0/stm32cubeide/plugins/com.st.stm32cube.ide.mcu.externaltools.gnu-tools-for-stm32.9-2020-q2-update.win32_2.0.0.202105311346/tools/bin/../lib/gcc/arm-none-eabi/9.3.1/thumb/v7-m/nofp/crtbegin.o
                0x00000000080078a4                PROVIDE (__init_array_end = .)
                0x00000000080078a4                . = ALIGN (0x4)

.fini_array     0x00000000080078a4        0x4
                0x00000000080078a4                . = ALIGN (0x4)
                [!provide]                        PROVIDE (__fini_array_start = .)
 *(SORT_BY_NAME(.fini_array.*))
 *(.fini_array*)
 .fini_array    0x00000000080078a4        0x4 e:/stm32cubeide_1.8.0/stm32cubeide/plugins/com.st.stm32cube.ide.mcu.externaltools.gnu-tools-for-stm32.9-2020-q2-update.win32_2.0.0.202105311346/tools/bin/../lib/gcc/arm-none-eabi/9.3.1/thumb/v7-m/nofp/crtbegin.o
                [!provide]                        PROVIDE (__fini_array_end = .)
                0x00000000080078a8                . = ALIGN (0x4)
                0x00000000080078a8                _sidata = LOADADDR (.data)

.data           0x0000000020000000        0xc load address 0x00000000080078a8
                0x0000000020000000                . = ALIGN (0x4)
                0x0000000020000000                _sdata = .
 *(.data)
 *(.data*)
 .data.SystemCoreClock
                0x0000000020000000        0x4 ./Core/Src/system_stm32f1xx.o
                0x0000000020000000                SystemCoreClock
 .data.uwTickPrio
                0x0000000020000004        0x4 ./Drivers/STM32F1xx_HAL_Driver/Src/stm32f1xx_hal.o
                0x0000000020000004                uwTickPrio
 .data.uwTickFreq
                0x0000000020000008        0x1 ./Drivers/STM32F1xx_HAL_Driver/Src/stm32f1xx_hal.o
                0x0000000020000008                uwTickFreq
 *(.RamFunc)
 *(.RamFunc*)
                0x000000002000000c                . = ALIGN (0x4)
 *fill*         0x0000000020000009        0x3 
                0x000000002000000c                _edata = .

.igot.plt       0x000000002000000c        0x0 load address 0x00000000080078b4
 .igot.plt      0x000000002000000c        0x0 e:/stm32cubeide_1.8.0/stm32cubeide/plugins/com.st.stm32cube.ide.mcu.externaltools.gnu-tools-for-stm32.9-2020-q2-update.win32_2.0.0.202105311346/tools/bin/../lib/gcc/arm-none-eabi/9.3.1/thumb/v7-m/nofp/crtbegin.o
                0x000000002000000c                . = ALIGN (0x4)

.bss            0x0000000020000010      0x2d8 load address 0x00000000080078b4
                0x0000000020000010                _sbss = .
                0x0000000020000010                __bss_start__ = _sbss
 *(.bss)
 .bss           0x0000000020000010       0x1c e:/stm32cubeide_1.8.0/stm32cubeide/plugins/com.st.stm32cube.ide.mcu.externaltools.gnu-tools-for-stm32.9-2020-q2-update.win32_2.0.0.202105311346/tools/bin/../lib/gcc/arm-none-eabi/9.3.1/thumb/v7-m/nofp/crtbegin.o
 *(.bss*)
 .bss._ZZ11erase_flashvE15EraseInitStruct
                0x000000002000002c       0x10 ./Core/Src/FlashPROM.o
 .bss.alarms    0x000000002000003c       0x1b ./Core/Src/main.o
                0x000000002000003c                alarms
 *fill*         0x0000000020000057        0x1 
 .bss.res_addr  0x0000000020000058        0x4 ./Core/Src/main.o
                0x0000000020000058                res_addr
 .bss.hcrc      0x000000002000005c        0x8 ./Core/Src/main.o
                0x000000002000005c                hcrc
 .bss.hrtc      0x0000000020000064       0x14 ./Core/Src/main.o
                0x0000000020000064                hrtc
 .bss.htim1     0x0000000020000078       0x48 ./Core/Src/main.o
                0x0000000020000078                htim1
 .bss.htim2     0x00000000200000c0       0x48 ./Core/Src/main.o
                0x00000000200000c0                htim2
 .bss.htim4     0x0000000020000108       0x48 ./Core/Src/main.o
                0x0000000020000108                htim4
 .bss.hdma_tim1_ch1
                0x0000000020000150       0x44 ./Core/Src/main.o
                0x0000000020000150                hdma_tim1_ch1
 .bss.huart1    0x0000000020000194       0x44 ./Core/Src/main.o
                0x0000000020000194                huart1
 .bss.rgb_arr   0x00000000200001d8       0xb4 ./Core/Src/sk6812.o
                0x00000000200001d8                rgb_arr
 .bss.wr_buf    0x000000002000028c       0x30 ./Core/Src/sk6812.o
                0x000000002000028c                wr_buf
 .bss.wr_buf_p  0x00000000200002bc        0x4 ./Core/Src/sk6812.o
                0x00000000200002bc                wr_buf_p
 *(COMMON)
 COMMON         0x00000000200002c0        0x4 ./Drivers/STM32F1xx_HAL_Driver/Src/stm32f1xx_hal.o
                0x00000000200002c0                uwTick
 *fill*         0x00000000200002c4        0x4 
 COMMON         0x00000000200002c8       0x20 ./Drivers/STM32F1xx_HAL_Driver/Src/stm32f1xx_hal_flash.o
                0x00000000200002c8                pFlash
                0x00000000200002e8                . = ALIGN (0x4)
                0x00000000200002e8                _ebss = .
                0x00000000200002e8                __bss_end__ = _ebss

._user_heap_stack
                0x00000000200002e8      0x600 load address 0x00000000080078b4
                0x00000000200002e8                . = ALIGN (0x8)
                [!provide]                        PROVIDE (end = .)
                0x00000000200002e8                PROVIDE (_end = .)
                0x00000000200004e8                . = (. + _Min_Heap_Size)
 *fill*         0x00000000200002e8      0x200 
                0x00000000200008e8                . = (. + _Min_Stack_Size)
 *fill*         0x00000000200004e8      0x400 
                0x00000000200008e8                . = ALIGN (0x8)

/DISCARD/
 libc.a(*)
 libm.a(*)
 libgcc.a(*)

.ARM.attributes
                0x0000000000000000       0x29
 *(.ARM.attributes)
 .ARM.attributes
                0x0000000000000000       0x1d e:/stm32cubeide_1.8.0/stm32cubeide/plugins/com.st.stm32cube.ide.mcu.externaltools.gnu-tools-for-stm32.9-2020-q2-update.win32_2.0.0.202105311346/tools/bin/../lib/gcc/arm-none-eabi/9.3.1/thumb/v7-m/nofp/crti.o
 .ARM.attributes
                0x000000000000001d       0x2d e:/stm32cubeide_1.8.0/stm32cubeide/plugins/com.st.stm32cube.ide.mcu.externaltools.gnu-tools-for-stm32.9-2020-q2-update.win32_2.0.0.202105311346/tools/bin/../lib/gcc/arm-none-eabi/9.3.1/thumb/v7-m/nofp/crtbegin.o
 .ARM.attributes
                0x000000000000004a       0x2d ./Core/Src/DFPlayer.o
 .ARM.attributes
                0x0000000000000077       0x2d ./Core/Src/FlashPROM.o
 .ARM.attributes
                0x00000000000000a4       0x2d ./Core/Src/MexButton.o
 .ARM.attributes
                0x00000000000000d1       0x2d ./Core/Src/TM1637Display.o
 .ARM.attributes
                0x00000000000000fe       0x2d ./Core/Src/main.o
 .ARM.attributes
                0x000000000000012b       0x2d ./Core/Src/sk6812.o
 .ARM.attributes
                0x0000000000000158       0x2d ./Core/Src/stm32f1xx_hal_msp.o
 .ARM.attributes
                0x0000000000000185       0x2d ./Core/Src/stm32f1xx_it.o
 .ARM.attributes
                0x00000000000001b2       0x2d ./Core/Src/system_stm32f1xx.o
 .ARM.attributes
                0x00000000000001df       0x21 ./Core/Startup/startup_stm32f103c8tx.o
 .ARM.attributes
                0x0000000000000200       0x2d ./Drivers/STM32F1xx_HAL_Driver/Src/stm32f1xx_hal.o
 .ARM.attributes
                0x000000000000022d       0x2d ./Drivers/STM32F1xx_HAL_Driver/Src/stm32f1xx_hal_cortex.o
 .ARM.attributes
                0x000000000000025a       0x2d ./Drivers/STM32F1xx_HAL_Driver/Src/stm32f1xx_hal_crc.o
 .ARM.attributes
                0x0000000000000287       0x2d ./Drivers/STM32F1xx_HAL_Driver/Src/stm32f1xx_hal_dma.o
 .ARM.attributes
                0x00000000000002b4       0x2d ./Drivers/STM32F1xx_HAL_Driver/Src/stm32f1xx_hal_flash.o
 .ARM.attributes
                0x00000000000002e1       0x2d ./Drivers/STM32F1xx_HAL_Driver/Src/stm32f1xx_hal_flash_ex.o
 .ARM.attributes
                0x000000000000030e       0x2d ./Drivers/STM32F1xx_HAL_Driver/Src/stm32f1xx_hal_gpio.o
 .ARM.attributes
                0x000000000000033b       0x2d ./Drivers/STM32F1xx_HAL_Driver/Src/stm32f1xx_hal_pwr.o
 .ARM.attributes
                0x0000000000000368       0x2d ./Drivers/STM32F1xx_HAL_Driver/Src/stm32f1xx_hal_rcc.o
 .ARM.attributes
                0x0000000000000395       0x2d ./Drivers/STM32F1xx_HAL_Driver/Src/stm32f1xx_hal_rcc_ex.o
 .ARM.attributes
                0x00000000000003c2       0x2d ./Drivers/STM32F1xx_HAL_Driver/Src/stm32f1xx_hal_rtc.o
 .ARM.attributes
                0x00000000000003ef       0x2d ./Drivers/STM32F1xx_HAL_Driver/Src/stm32f1xx_hal_tim.o
 .ARM.attributes
                0x000000000000041c       0x2d ./Drivers/STM32F1xx_HAL_Driver/Src/stm32f1xx_hal_tim_ex.o
 .ARM.attributes
                0x0000000000000449       0x2d ./Drivers/STM32F1xx_HAL_Driver/Src/stm32f1xx_hal_uart.o
 .ARM.attributes
                0x0000000000000476       0x2d e:/stm32cubeide_1.8.0/stm32cubeide/plugins/com.st.stm32cube.ide.mcu.externaltools.gnu-tools-for-stm32.9-2020-q2-update.win32_2.0.0.202105311346/tools/bin/../lib/gcc/arm-none-eabi/9.3.1/../../../../arm-none-eabi/lib/thumb/v7-m/nofp\libc_nano.a(lib_a-init.o)
 .ARM.attributes
                0x00000000000004a3       0x2d e:/stm32cubeide_1.8.0/stm32cubeide/plugins/com.st.stm32cube.ide.mcu.externaltools.gnu-tools-for-stm32.9-2020-q2-update.win32_2.0.0.202105311346/tools/bin/../lib/gcc/arm-none-eabi/9.3.1/../../../../arm-none-eabi/lib/thumb/v7-m/nofp\libc_nano.a(lib_a-memset.o)
 .ARM.attributes
                0x00000000000004d0       0x1d e:/stm32cubeide_1.8.0/stm32cubeide/plugins/com.st.stm32cube.ide.mcu.externaltools.gnu-tools-for-stm32.9-2020-q2-update.win32_2.0.0.202105311346/tools/bin/../lib/gcc/arm-none-eabi/9.3.1/thumb/v7-m/nofp/crtn.o
OUTPUT(LetsGo.elf elf32-littlearm)
LOAD linker stubs
LOAD e:/stm32cubeide_1.8.0/stm32cubeide/plugins/com.st.stm32cube.ide.mcu.externaltools.gnu-tools-for-stm32.9-2020-q2-update.win32_2.0.0.202105311346/tools/bin/../lib/gcc/arm-none-eabi/9.3.1/../../../../arm-none-eabi/lib/thumb/v7-m/nofp\libc.a
LOAD e:/stm32cubeide_1.8.0/stm32cubeide/plugins/com.st.stm32cube.ide.mcu.externaltools.gnu-tools-for-stm32.9-2020-q2-update.win32_2.0.0.202105311346/tools/bin/../lib/gcc/arm-none-eabi/9.3.1/../../../../arm-none-eabi/lib/thumb/v7-m/nofp\libm.a
LOAD e:/stm32cubeide_1.8.0/stm32cubeide/plugins/com.st.stm32cube.ide.mcu.externaltools.gnu-tools-for-stm32.9-2020-q2-update.win32_2.0.0.202105311346/tools/bin/../lib/gcc/arm-none-eabi/9.3.1/thumb/v7-m/nofp\libgcc.a

.debug_info     0x0000000000000000    0x13786
 .debug_info    0x0000000000000000      0xa94 ./Core/Src/DFPlayer.o
 .debug_info    0x0000000000000a94      0xd24 ./Core/Src/FlashPROM.o
 .debug_info    0x00000000000017b8      0xb96 ./Core/Src/MexButton.o
 .debug_info    0x000000000000234e     0x125a ./Core/Src/TM1637Display.o
 .debug_info    0x00000000000035a8     0x2c12 ./Core/Src/main.o
 .debug_info    0x00000000000061ba      0xca9 ./Core/Src/sk6812.o
 .debug_info    0x0000000000006e63     0x1286 ./Core/Src/stm32f1xx_hal_msp.o
 .debug_info    0x00000000000080e9      0x6de ./Core/Src/stm32f1xx_it.o
 .debug_info    0x00000000000087c7      0x2be ./Core/Src/system_stm32f1xx.o
 .debug_info    0x0000000000008a85       0x22 ./Core/Startup/startup_stm32f103c8tx.o
 .debug_info    0x0000000000008aa7      0x76a ./Drivers/STM32F1xx_HAL_Driver/Src/stm32f1xx_hal.o
 .debug_info    0x0000000000009211      0xbdc ./Drivers/STM32F1xx_HAL_Driver/Src/stm32f1xx_hal_cortex.o
 .debug_info    0x0000000000009ded      0x47a ./Drivers/STM32F1xx_HAL_Driver/Src/stm32f1xx_hal_crc.o
 .debug_info    0x000000000000a267      0x81e ./Drivers/STM32F1xx_HAL_Driver/Src/stm32f1xx_hal_dma.o
 .debug_info    0x000000000000aa85      0x5f3 ./Drivers/STM32F1xx_HAL_Driver/Src/stm32f1xx_hal_flash.o
 .debug_info    0x000000000000b078      0x8a2 ./Drivers/STM32F1xx_HAL_Driver/Src/stm32f1xx_hal_flash_ex.o
 .debug_info    0x000000000000b91a      0x701 ./Drivers/STM32F1xx_HAL_Driver/Src/stm32f1xx_hal_gpio.o
 .debug_info    0x000000000000c01b      0x730 ./Drivers/STM32F1xx_HAL_Driver/Src/stm32f1xx_hal_pwr.o
 .debug_info    0x000000000000c74b      0x88e ./Drivers/STM32F1xx_HAL_Driver/Src/stm32f1xx_hal_rcc.o
 .debug_info    0x000000000000cfd9      0x480 ./Drivers/STM32F1xx_HAL_Driver/Src/stm32f1xx_hal_rcc_ex.o
 .debug_info    0x000000000000d459      0xdf9 ./Drivers/STM32F1xx_HAL_Driver/Src/stm32f1xx_hal_rtc.o
 .debug_info    0x000000000000e252     0x2a45 ./Drivers/STM32F1xx_HAL_Driver/Src/stm32f1xx_hal_tim.o
 .debug_info    0x0000000000010c97     0x14d5 ./Drivers/STM32F1xx_HAL_Driver/Src/stm32f1xx_hal_tim_ex.o
 .debug_info    0x000000000001216c     0x161a ./Drivers/STM32F1xx_HAL_Driver/Src/stm32f1xx_hal_uart.o

.debug_abbrev   0x0000000000000000     0x347d
 .debug_abbrev  0x0000000000000000      0x283 ./Core/Src/DFPlayer.o
 .debug_abbrev  0x0000000000000283      0x270 ./Core/Src/FlashPROM.o
 .debug_abbrev  0x00000000000004f3      0x256 ./Core/Src/MexButton.o
 .debug_abbrev  0x0000000000000749      0x2c3 ./Core/Src/TM1637Display.o
 .debug_abbrev  0x0000000000000a0c      0x3e6 ./Core/Src/main.o
 .debug_abbrev  0x0000000000000df2      0x278 ./Core/Src/sk6812.o
 .debug_abbrev  0x000000000000106a      0x23e ./Core/Src/stm32f1xx_hal_msp.o
 .debug_abbrev  0x00000000000012a8      0x163 ./Core/Src/stm32f1xx_it.o
 .debug_abbrev  0x000000000000140b      0x14e ./Core/Src/system_stm32f1xx.o
 .debug_abbrev  0x0000000000001559       0x12 ./Core/Startup/startup_stm32f103c8tx.o
 .debug_abbrev  0x000000000000156b      0x1ed ./Drivers/STM32F1xx_HAL_Driver/Src/stm32f1xx_hal.o
 .debug_abbrev  0x0000000000001758      0x313 ./Drivers/STM32F1xx_HAL_Driver/Src/stm32f1xx_hal_cortex.o
 .debug_abbrev  0x0000000000001a6b      0x1dd ./Drivers/STM32F1xx_HAL_Driver/Src/stm32f1xx_hal_crc.o
 .debug_abbrev  0x0000000000001c48      0x228 ./Drivers/STM32F1xx_HAL_Driver/Src/stm32f1xx_hal_dma.o
 .debug_abbrev  0x0000000000001e70      0x23e ./Drivers/STM32F1xx_HAL_Driver/Src/stm32f1xx_hal_flash.o
 .debug_abbrev  0x00000000000020ae      0x249 ./Drivers/STM32F1xx_HAL_Driver/Src/stm32f1xx_hal_flash_ex.o
 .debug_abbrev  0x00000000000022f7      0x1e8 ./Drivers/STM32F1xx_HAL_Driver/Src/stm32f1xx_hal_gpio.o
 .debug_abbrev  0x00000000000024df      0x213 ./Drivers/STM32F1xx_HAL_Driver/Src/stm32f1xx_hal_pwr.o
 .debug_abbrev  0x00000000000026f2      0x273 ./Drivers/STM32F1xx_HAL_Driver/Src/stm32f1xx_hal_rcc.o
 .debug_abbrev  0x0000000000002965      0x193 ./Drivers/STM32F1xx_HAL_Driver/Src/stm32f1xx_hal_rcc_ex.o
 .debug_abbrev  0x0000000000002af8      0x236 ./Drivers/STM32F1xx_HAL_Driver/Src/stm32f1xx_hal_rtc.o
 .debug_abbrev  0x0000000000002d2e      0x25e ./Drivers/STM32F1xx_HAL_Driver/Src/stm32f1xx_hal_tim.o
 .debug_abbrev  0x0000000000002f8c      0x266 ./Drivers/STM32F1xx_HAL_Driver/Src/stm32f1xx_hal_tim_ex.o
 .debug_abbrev  0x00000000000031f2      0x28b ./Drivers/STM32F1xx_HAL_Driver/Src/stm32f1xx_hal_uart.o

.debug_aranges  0x0000000000000000     0x11f8
 .debug_aranges
                0x0000000000000000       0x78 ./Core/Src/DFPlayer.o
 .debug_aranges
                0x0000000000000078       0x38 ./Core/Src/FlashPROM.o
 .debug_aranges
                0x00000000000000b0       0xc8 ./Core/Src/MexButton.o
 .debug_aranges
                0x0000000000000178       0xa8 ./Core/Src/TM1637Display.o
 .debug_aranges
                0x0000000000000220       0x78 ./Core/Src/main.o
 .debug_aranges
                0x0000000000000298       0x68 ./Core/Src/sk6812.o
 .debug_aranges
                0x0000000000000300       0x78 ./Core/Src/stm32f1xx_hal_msp.o
 .debug_aranges
                0x0000000000000378       0x70 ./Core/Src/stm32f1xx_it.o
 .debug_aranges
                0x00000000000003e8       0x28 ./Core/Src/system_stm32f1xx.o
 .debug_aranges
                0x0000000000000410       0x28 ./Core/Startup/startup_stm32f103c8tx.o
 .debug_aranges
                0x0000000000000438       0xe0 ./Drivers/STM32F1xx_HAL_Driver/Src/stm32f1xx_hal.o
 .debug_aranges
                0x0000000000000518      0x100 ./Drivers/STM32F1xx_HAL_Driver/Src/stm32f1xx_hal_cortex.o
 .debug_aranges
                0x0000000000000618       0x50 ./Drivers/STM32F1xx_HAL_Driver/Src/stm32f1xx_hal_crc.o
 .debug_aranges
                0x0000000000000668       0x80 ./Drivers/STM32F1xx_HAL_Driver/Src/stm32f1xx_hal_dma.o
 .debug_aranges
                0x00000000000006e8       0x88 ./Drivers/STM32F1xx_HAL_Driver/Src/stm32f1xx_hal_flash.o
 .debug_aranges
                0x0000000000000770       0x98 ./Drivers/STM32F1xx_HAL_Driver/Src/stm32f1xx_hal_flash_ex.o
 .debug_aranges
                0x0000000000000808       0x58 ./Drivers/STM32F1xx_HAL_Driver/Src/stm32f1xx_hal_gpio.o
 .debug_aranges
                0x0000000000000860       0xa8 ./Drivers/STM32F1xx_HAL_Driver/Src/stm32f1xx_hal_pwr.o
 .debug_aranges
                0x0000000000000908       0x90 ./Drivers/STM32F1xx_HAL_Driver/Src/stm32f1xx_hal_rcc.o
 .debug_aranges
                0x0000000000000998       0x30 ./Drivers/STM32F1xx_HAL_Driver/Src/stm32f1xx_hal_rcc_ex.o
 .debug_aranges
                0x00000000000009c8       0xf8 ./Drivers/STM32F1xx_HAL_Driver/Src/stm32f1xx_hal_rtc.o
 .debug_aranges
                0x0000000000000ac0      0x3d0 ./Drivers/STM32F1xx_HAL_Driver/Src/stm32f1xx_hal_tim.o
 .debug_aranges
                0x0000000000000e90      0x168 ./Drivers/STM32F1xx_HAL_Driver/Src/stm32f1xx_hal_tim_ex.o
 .debug_aranges
                0x0000000000000ff8      0x200 ./Drivers/STM32F1xx_HAL_Driver/Src/stm32f1xx_hal_uart.o

.debug_ranges   0x0000000000000000     0x10c8
 .debug_ranges  0x0000000000000000       0x68 ./Core/Src/DFPlayer.o
 .debug_ranges  0x0000000000000068       0x28 ./Core/Src/FlashPROM.o
 .debug_ranges  0x0000000000000090       0xb8 ./Core/Src/MexButton.o
 .debug_ranges  0x0000000000000148       0xb0 ./Core/Src/TM1637Display.o
 .debug_ranges  0x00000000000001f8       0x68 ./Core/Src/main.o
 .debug_ranges  0x0000000000000260       0x58 ./Core/Src/sk6812.o
 .debug_ranges  0x00000000000002b8       0x68 ./Core/Src/stm32f1xx_hal_msp.o
 .debug_ranges  0x0000000000000320       0x60 ./Core/Src/stm32f1xx_it.o
 .debug_ranges  0x0000000000000380       0x18 ./Core/Src/system_stm32f1xx.o
 .debug_ranges  0x0000000000000398       0x20 ./Core/Startup/startup_stm32f103c8tx.o
 .debug_ranges  0x00000000000003b8       0xd0 ./Drivers/STM32F1xx_HAL_Driver/Src/stm32f1xx_hal.o
 .debug_ranges  0x0000000000000488       0xf0 ./Drivers/STM32F1xx_HAL_Driver/Src/stm32f1xx_hal_cortex.o
 .debug_ranges  0x0000000000000578       0x40 ./Drivers/STM32F1xx_HAL_Driver/Src/stm32f1xx_hal_crc.o
 .debug_ranges  0x00000000000005b8       0x70 ./Drivers/STM32F1xx_HAL_Driver/Src/stm32f1xx_hal_dma.o
 .debug_ranges  0x0000000000000628       0x78 ./Drivers/STM32F1xx_HAL_Driver/Src/stm32f1xx_hal_flash.o
 .debug_ranges  0x00000000000006a0       0x88 ./Drivers/STM32F1xx_HAL_Driver/Src/stm32f1xx_hal_flash_ex.o
 .debug_ranges  0x0000000000000728       0x48 ./Drivers/STM32F1xx_HAL_Driver/Src/stm32f1xx_hal_gpio.o
 .debug_ranges  0x0000000000000770       0x98 ./Drivers/STM32F1xx_HAL_Driver/Src/stm32f1xx_hal_pwr.o
 .debug_ranges  0x0000000000000808       0x80 ./Drivers/STM32F1xx_HAL_Driver/Src/stm32f1xx_hal_rcc.o
 .debug_ranges  0x0000000000000888       0x20 ./Drivers/STM32F1xx_HAL_Driver/Src/stm32f1xx_hal_rcc_ex.o
 .debug_ranges  0x00000000000008a8       0xe8 ./Drivers/STM32F1xx_HAL_Driver/Src/stm32f1xx_hal_rtc.o
 .debug_ranges  0x0000000000000990      0x3c0 ./Drivers/STM32F1xx_HAL_Driver/Src/stm32f1xx_hal_tim.o
 .debug_ranges  0x0000000000000d50      0x158 ./Drivers/STM32F1xx_HAL_Driver/Src/stm32f1xx_hal_tim_ex.o
 .debug_ranges  0x0000000000000ea8      0x220 ./Drivers/STM32F1xx_HAL_Driver/Src/stm32f1xx_hal_uart.o

.debug_macro    0x0000000000000000    0x1ae80
 .debug_macro   0x0000000000000000      0x1e4 ./Core/Src/DFPlayer.o
 .debug_macro   0x00000000000001e4      0xb74 ./Core/Src/DFPlayer.o
 .debug_macro   0x0000000000000d58      0x22d ./Core/Src/DFPlayer.o
 .debug_macro   0x0000000000000f85       0x2e ./Core/Src/DFPlayer.o
 .debug_macro   0x0000000000000fb3       0x22 ./Core/Src/DFPlayer.o
 .debug_macro   0x0000000000000fd5       0x1c ./Core/Src/DFPlayer.o
 .debug_macro   0x0000000000000ff1       0x22 ./Core/Src/DFPlayer.o
 .debug_macro   0x0000000000001013       0x8e ./Core/Src/DFPlayer.o
 .debug_macro   0x00000000000010a1       0x51 ./Core/Src/DFPlayer.o
 .debug_macro   0x00000000000010f2      0x103 ./Core/Src/DFPlayer.o
 .debug_macro   0x00000000000011f5       0x6a ./Core/Src/DFPlayer.o
 .debug_macro   0x000000000000125f      0x1df ./Core/Src/DFPlayer.o
 .debug_macro   0x000000000000143e       0x1c ./Core/Src/DFPlayer.o
 .debug_macro   0x000000000000145a       0x22 ./Core/Src/DFPlayer.o
 .debug_macro   0x000000000000147c       0xc3 ./Core/Src/DFPlayer.o
 .debug_macro   0x000000000000153f      0xd23 ./Core/Src/DFPlayer.o
 .debug_macro   0x0000000000002262     0xe09e ./Core/Src/DFPlayer.o
 .debug_macro   0x0000000000010300       0x6d ./Core/Src/DFPlayer.o
 .debug_macro   0x000000000001036d     0x3468 ./Core/Src/DFPlayer.o
 .debug_macro   0x00000000000137d5      0x17b ./Core/Src/DFPlayer.o
 .debug_macro   0x0000000000013950       0x5c ./Core/Src/DFPlayer.o
 .debug_macro   0x00000000000139ac      0x5be ./Core/Src/DFPlayer.o
 .debug_macro   0x0000000000013f6a      0x289 ./Core/Src/DFPlayer.o
 .debug_macro   0x00000000000141f3      0x1cb ./Core/Src/DFPlayer.o
 .debug_macro   0x00000000000143be      0x114 ./Core/Src/DFPlayer.o
 .debug_macro   0x00000000000144d2      0x1b2 ./Core/Src/DFPlayer.o
 .debug_macro   0x0000000000014684       0x27 ./Core/Src/DFPlayer.o
 .debug_macro   0x00000000000146ab      0x136 ./Core/Src/DFPlayer.o
 .debug_macro   0x00000000000147e1      0x1bc ./Core/Src/DFPlayer.o
 .debug_macro   0x000000000001499d       0x34 ./Core/Src/DFPlayer.o
 .debug_macro   0x00000000000149d1       0x3c ./Core/Src/DFPlayer.o
 .debug_macro   0x0000000000014a0d       0x57 ./Core/Src/DFPlayer.o
 .debug_macro   0x0000000000014a64       0x22 ./Core/Src/DFPlayer.o
 .debug_macro   0x0000000000014a86       0x88 ./Core/Src/DFPlayer.o
 .debug_macro   0x0000000000014b0e      0x241 ./Core/Src/DFPlayer.o
 .debug_macro   0x0000000000014d4f      0x141 ./Core/Src/DFPlayer.o
 .debug_macro   0x0000000000014e90      0x1ef ./Core/Src/DFPlayer.o
 .debug_macro   0x000000000001507f       0xec ./Core/Src/DFPlayer.o
 .debug_macro   0x000000000001516b      0x8d1 ./Core/Src/DFPlayer.o
 .debug_macro   0x0000000000015a3c      0x279 ./Core/Src/DFPlayer.o
 .debug_macro   0x0000000000015cb5       0x83 ./Core/Src/DFPlayer.o
 .debug_macro   0x0000000000015d38       0x58 ./Core/Src/DFPlayer.o
 .debug_macro   0x0000000000015d90       0x2e ./Core/Src/DFPlayer.o
 .debug_macro   0x0000000000015dbe      0x373 ./Core/Src/FlashPROM.o
 .debug_macro   0x0000000000016131       0x52 ./Core/Src/FlashPROM.o
 .debug_macro   0x0000000000016183       0x18 ./Core/Src/FlashPROM.o
 .debug_macro   0x000000000001619b       0x3c ./Core/Src/FlashPROM.o
 .debug_macro   0x00000000000161d7       0x34 ./Core/Src/FlashPROM.o
 .debug_macro   0x000000000001620b       0x16 ./Core/Src/FlashPROM.o
 .debug_macro   0x0000000000016221       0x43 ./Core/Src/FlashPROM.o
 .debug_macro   0x0000000000016264       0x34 ./Core/Src/FlashPROM.o
 .debug_macro   0x0000000000016298       0x10 ./Core/Src/FlashPROM.o
 .debug_macro   0x00000000000162a8       0x58 ./Core/Src/FlashPROM.o
 .debug_macro   0x0000000000016300       0x71 ./Core/Src/FlashPROM.o
 .debug_macro   0x0000000000016371       0x16 ./Core/Src/FlashPROM.o
 .debug_macro   0x0000000000016387      0x12a ./Core/Src/FlashPROM.o
 .debug_macro   0x00000000000164b1      0x356 ./Core/Src/FlashPROM.o
 .debug_macro   0x0000000000016807       0x10 ./Core/Src/FlashPROM.o
 .debug_macro   0x0000000000016817       0x35 ./Core/Src/FlashPROM.o
 .debug_macro   0x000000000001684c       0x20 ./Core/Src/FlashPROM.o
 .debug_macro   0x000000000001686c       0x1c ./Core/Src/FlashPROM.o
 .debug_macro   0x0000000000016888       0x10 ./Core/Src/FlashPROM.o
 .debug_macro   0x0000000000016898       0x10 ./Core/Src/FlashPROM.o
 .debug_macro   0x00000000000168a8       0x1c ./Core/Src/FlashPROM.o
 .debug_macro   0x00000000000168c4       0x52 ./Core/Src/FlashPROM.o
 .debug_macro   0x0000000000016916       0x22 ./Core/Src/FlashPROM.o
 .debug_macro   0x0000000000016938       0x10 ./Core/Src/FlashPROM.o
 .debug_macro   0x0000000000016948       0x40 ./Core/Src/FlashPROM.o
 .debug_macro   0x0000000000016988       0xd5 ./Core/Src/FlashPROM.o
 .debug_macro   0x0000000000016a5d       0x1c ./Core/Src/FlashPROM.o
 .debug_macro   0x0000000000016a79       0x3d ./Core/Src/FlashPROM.o
 .debug_macro   0x0000000000016ab6       0x16 ./Core/Src/FlashPROM.o
 .debug_macro   0x0000000000016acc      0x137 ./Core/Src/FlashPROM.o
 .debug_macro   0x0000000000016c03       0x28 ./Core/Src/FlashPROM.o
 .debug_macro   0x0000000000016c2b      0x1e4 ./Core/Src/MexButton.o
 .debug_macro   0x0000000000016e0f       0x2e ./Core/Src/MexButton.o
 .debug_macro   0x0000000000016e3d      0x1cf ./Core/Src/TM1637Display.o
 .debug_macro   0x000000000001700c       0x3a ./Core/Src/TM1637Display.o
 .debug_macro   0x0000000000017046      0x3b9 ./Core/Src/main.o
 .debug_macro   0x00000000000173ff       0x34 ./Core/Src/main.o
 .debug_macro   0x0000000000017433       0x2e ./Core/Src/main.o
 .debug_macro   0x0000000000017461      0x1cf ./Core/Src/sk6812.o
 .debug_macro   0x0000000000017630      0x1d0 ./Core/Src/stm32f1xx_hal_msp.o
 .debug_macro   0x0000000000017800      0xa9c ./Core/Src/stm32f1xx_hal_msp.o
 .debug_macro   0x000000000001829c      0xd23 ./Core/Src/stm32f1xx_hal_msp.o
 .debug_macro   0x0000000000018fbf      0x174 ./Core/Src/stm32f1xx_hal_msp.o
 .debug_macro   0x0000000000019133      0x1da ./Core/Src/stm32f1xx_it.o
 .debug_macro   0x000000000001930d      0x1c1 ./Core/Src/system_stm32f1xx.o
 .debug_macro   0x00000000000194ce      0x1e5 ./Drivers/STM32F1xx_HAL_Driver/Src/stm32f1xx_hal.o
 .debug_macro   0x00000000000196b3      0x1c1 ./Drivers/STM32F1xx_HAL_Driver/Src/stm32f1xx_hal_cortex.o
 .debug_macro   0x0000000000019874      0x1c1 ./Drivers/STM32F1xx_HAL_Driver/Src/stm32f1xx_hal_crc.o
 .debug_macro   0x0000000000019a35      0x1c1 ./Drivers/STM32F1xx_HAL_Driver/Src/stm32f1xx_hal_dma.o
 .debug_macro   0x0000000000019bf6      0x1c1 ./Drivers/STM32F1xx_HAL_Driver/Src/stm32f1xx_hal_flash.o
 .debug_macro   0x0000000000019db7      0x1d3 ./Drivers/STM32F1xx_HAL_Driver/Src/stm32f1xx_hal_flash_ex.o
 .debug_macro   0x0000000000019f8a      0x22c ./Drivers/STM32F1xx_HAL_Driver/Src/stm32f1xx_hal_gpio.o
 .debug_macro   0x000000000001a1b6      0x221 ./Drivers/STM32F1xx_HAL_Driver/Src/stm32f1xx_hal_pwr.o
 .debug_macro   0x000000000001a3d7      0x1d3 ./Drivers/STM32F1xx_HAL_Driver/Src/stm32f1xx_hal_rcc.o
 .debug_macro   0x000000000001a5aa      0x1c1 ./Drivers/STM32F1xx_HAL_Driver/Src/stm32f1xx_hal_rcc_ex.o
 .debug_macro   0x000000000001a76b      0x1d0 ./Drivers/STM32F1xx_HAL_Driver/Src/stm32f1xx_hal_rtc.o
 .debug_macro   0x000000000001a93b      0x1c2 ./Drivers/STM32F1xx_HAL_Driver/Src/stm32f1xx_hal_tim.o
 .debug_macro   0x000000000001aafd      0x1c1 ./Drivers/STM32F1xx_HAL_Driver/Src/stm32f1xx_hal_tim_ex.o
 .debug_macro   0x000000000001acbe      0x1c2 ./Drivers/STM32F1xx_HAL_Driver/Src/stm32f1xx_hal_uart.o

.debug_line     0x0000000000000000    0x1423a
 .debug_line    0x0000000000000000      0x839 ./Core/Src/DFPlayer.o
 .debug_line    0x0000000000000839      0x9c6 ./Core/Src/FlashPROM.o
 .debug_line    0x00000000000011ff      0xb99 ./Core/Src/MexButton.o
 .debug_line    0x0000000000001d98      0xb39 ./Core/Src/TM1637Display.o
 .debug_line    0x00000000000028d1     0x1605 ./Core/Src/main.o
 .debug_line    0x0000000000003ed6      0xbf2 ./Core/Src/sk6812.o
 .debug_line    0x0000000000004ac8      0x87c ./Core/Src/stm32f1xx_hal_msp.o
 .debug_line    0x0000000000005344      0x7ab ./Core/Src/stm32f1xx_it.o
 .debug_line    0x0000000000005aef      0x737 ./Core/Src/system_stm32f1xx.o
 .debug_line    0x0000000000006226       0x87 ./Core/Startup/startup_stm32f103c8tx.o
 .debug_line    0x00000000000062ad      0x964 ./Drivers/STM32F1xx_HAL_Driver/Src/stm32f1xx_hal.o
 .debug_line    0x0000000000006c11      0xb4c ./Drivers/STM32F1xx_HAL_Driver/Src/stm32f1xx_hal_cortex.o
 .debug_line    0x000000000000775d      0x7ff ./Drivers/STM32F1xx_HAL_Driver/Src/stm32f1xx_hal_crc.o
 .debug_line    0x0000000000007f5c      0xdbc ./Drivers/STM32F1xx_HAL_Driver/Src/stm32f1xx_hal_dma.o
 .debug_line    0x0000000000008d18      0xa41 ./Drivers/STM32F1xx_HAL_Driver/Src/stm32f1xx_hal_flash.o
 .debug_line    0x0000000000009759      0xb30 ./Drivers/STM32F1xx_HAL_Driver/Src/stm32f1xx_hal_flash_ex.o
 .debug_line    0x000000000000a289      0x9fb ./Drivers/STM32F1xx_HAL_Driver/Src/stm32f1xx_hal_gpio.o
 .debug_line    0x000000000000ac84      0x8e6 ./Drivers/STM32F1xx_HAL_Driver/Src/stm32f1xx_hal_pwr.o
 .debug_line    0x000000000000b56a      0xd72 ./Drivers/STM32F1xx_HAL_Driver/Src/stm32f1xx_hal_rcc.o
 .debug_line    0x000000000000c2dc      0x8b0 ./Drivers/STM32F1xx_HAL_Driver/Src/stm32f1xx_hal_rcc_ex.o
 .debug_line    0x000000000000cb8c     0x10d6 ./Drivers/STM32F1xx_HAL_Driver/Src/stm32f1xx_hal_rtc.o
 .debug_line    0x000000000000dc62     0x330d ./Drivers/STM32F1xx_HAL_Driver/Src/stm32f1xx_hal_tim.o
 .debug_line    0x0000000000010f6f     0x188c ./Drivers/STM32F1xx_HAL_Driver/Src/stm32f1xx_hal_tim_ex.o
 .debug_line    0x00000000000127fb     0x1a3f ./Drivers/STM32F1xx_HAL_Driver/Src/stm32f1xx_hal_uart.o

.debug_str      0x0000000000000000    0x8ed37
 .debug_str     0x0000000000000000    0x857f7 ./Core/Src/DFPlayer.o
                                      0x85c5c (size before relaxing)
 .debug_str     0x00000000000857f7     0x43a8 ./Core/Src/FlashPROM.o
                                      0x89a1b (size before relaxing)
 .debug_str     0x0000000000089b9f      0x5c9 ./Core/Src/MexButton.o
                                      0x85b73 (size before relaxing)
 .debug_str     0x000000000008a168      0x77b ./Core/Src/TM1637Display.o
                                      0x85fc2 (size before relaxing)
 .debug_str     0x000000000008a8e3      0xa14 ./Core/Src/main.o
                                      0x8b8c5 (size before relaxing)
 .debug_str     0x000000000008b2f7      0x1fc ./Core/Src/sk6812.o
                                      0x85cb5 (size before relaxing)
 .debug_str     0x000000000008b4f3      0x2d6 ./Core/Src/stm32f1xx_hal_msp.o
                                      0x85df3 (size before relaxing)
 .debug_str     0x000000000008b7c9       0xe8 ./Core/Src/stm32f1xx_it.o
                                      0x85564 (size before relaxing)
 .debug_str     0x000000000008b8b1       0x52 ./Core/Src/system_stm32f1xx.o
                                      0x84fc7 (size before relaxing)
 .debug_str     0x000000000008b903       0x36 ./Core/Startup/startup_stm32f103c8tx.o
                                         0x56 (size before relaxing)
 .debug_str     0x000000000008b939      0x2f2 ./Drivers/STM32F1xx_HAL_Driver/Src/stm32f1xx_hal.o
                                      0x85658 (size before relaxing)
 .debug_str     0x000000000008bc2b      0x2f6 ./Drivers/STM32F1xx_HAL_Driver/Src/stm32f1xx_hal_cortex.o
                                      0x85660 (size before relaxing)
 .debug_str     0x000000000008bf21       0xa4 ./Drivers/STM32F1xx_HAL_Driver/Src/stm32f1xx_hal_crc.o
                                      0x85135 (size before relaxing)
 .debug_str     0x000000000008bfc5      0x230 ./Drivers/STM32F1xx_HAL_Driver/Src/stm32f1xx_hal_dma.o
                                      0x853a2 (size before relaxing)
 .debug_str     0x000000000008c1f5      0x280 ./Drivers/STM32F1xx_HAL_Driver/Src/stm32f1xx_hal_flash.o
                                      0x8529d (size before relaxing)
 .debug_str     0x000000000008c475      0x328 ./Drivers/STM32F1xx_HAL_Driver/Src/stm32f1xx_hal_flash_ex.o
                                      0x85461 (size before relaxing)
 .debug_str     0x000000000008c79d      0x311 ./Drivers/STM32F1xx_HAL_Driver/Src/stm32f1xx_hal_gpio.o
                                      0x8538b (size before relaxing)
 .debug_str     0x000000000008caae      0x507 ./Drivers/STM32F1xx_HAL_Driver/Src/stm32f1xx_hal_pwr.o
                                      0x8552a (size before relaxing)
 .debug_str     0x000000000008cfb5      0x238 ./Drivers/STM32F1xx_HAL_Driver/Src/stm32f1xx_hal_rcc.o
                                      0x853c4 (size before relaxing)
 .debug_str     0x000000000008d1ed       0xb9 ./Drivers/STM32F1xx_HAL_Driver/Src/stm32f1xx_hal_rcc_ex.o
                                      0x85151 (size before relaxing)
 .debug_str     0x000000000008d2a6      0x345 ./Drivers/STM32F1xx_HAL_Driver/Src/stm32f1xx_hal_rtc.o
                                      0x854d7 (size before relaxing)
 .debug_str     0x000000000008d5eb      0xd0a ./Drivers/STM32F1xx_HAL_Driver/Src/stm32f1xx_hal_tim.o
                                      0x86396 (size before relaxing)
 .debug_str     0x000000000008e2f5      0x45a ./Drivers/STM32F1xx_HAL_Driver/Src/stm32f1xx_hal_tim_ex.o
                                      0x85b47 (size before relaxing)
 .debug_str     0x000000000008e74f      0x5e8 ./Drivers/STM32F1xx_HAL_Driver/Src/stm32f1xx_hal_uart.o
                                      0x859b6 (size before relaxing)

.comment        0x0000000000000000       0x53
 .comment       0x0000000000000000       0x53 ./Core/Src/DFPlayer.o
                                         0x54 (size before relaxing)
 .comment       0x0000000000000053       0x54 ./Core/Src/FlashPROM.o
 .comment       0x0000000000000053       0x54 ./Core/Src/MexButton.o
 .comment       0x0000000000000053       0x54 ./Core/Src/TM1637Display.o
 .comment       0x0000000000000053       0x54 ./Core/Src/main.o
 .comment       0x0000000000000053       0x54 ./Core/Src/sk6812.o
 .comment       0x0000000000000053       0x54 ./Core/Src/stm32f1xx_hal_msp.o
 .comment       0x0000000000000053       0x54 ./Core/Src/stm32f1xx_it.o
 .comment       0x0000000000000053       0x54 ./Core/Src/system_stm32f1xx.o
 .comment       0x0000000000000053       0x54 ./Drivers/STM32F1xx_HAL_Driver/Src/stm32f1xx_hal.o
 .comment       0x0000000000000053       0x54 ./Drivers/STM32F1xx_HAL_Driver/Src/stm32f1xx_hal_cortex.o
 .comment       0x0000000000000053       0x54 ./Drivers/STM32F1xx_HAL_Driver/Src/stm32f1xx_hal_crc.o
 .comment       0x0000000000000053       0x54 ./Drivers/STM32F1xx_HAL_Driver/Src/stm32f1xx_hal_dma.o
 .comment       0x0000000000000053       0x54 ./Drivers/STM32F1xx_HAL_Driver/Src/stm32f1xx_hal_flash.o
 .comment       0x0000000000000053       0x54 ./Drivers/STM32F1xx_HAL_Driver/Src/stm32f1xx_hal_flash_ex.o
 .comment       0x0000000000000053       0x54 ./Drivers/STM32F1xx_HAL_Driver/Src/stm32f1xx_hal_gpio.o
 .comment       0x0000000000000053       0x54 ./Drivers/STM32F1xx_HAL_Driver/Src/stm32f1xx_hal_pwr.o
 .comment       0x0000000000000053       0x54 ./Drivers/STM32F1xx_HAL_Driver/Src/stm32f1xx_hal_rcc.o
 .comment       0x0000000000000053       0x54 ./Drivers/STM32F1xx_HAL_Driver/Src/stm32f1xx_hal_rcc_ex.o
 .comment       0x0000000000000053       0x54 ./Drivers/STM32F1xx_HAL_Driver/Src/stm32f1xx_hal_rtc.o
 .comment       0x0000000000000053       0x54 ./Drivers/STM32F1xx_HAL_Driver/Src/stm32f1xx_hal_tim.o
 .comment       0x0000000000000053       0x54 ./Drivers/STM32F1xx_HAL_Driver/Src/stm32f1xx_hal_tim_ex.o
 .comment       0x0000000000000053       0x54 ./Drivers/STM32F1xx_HAL_Driver/Src/stm32f1xx_hal_uart.o

.debug_frame    0x0000000000000000     0x49a8
 .debug_frame   0x0000000000000000      0x1c4 ./Core/Src/DFPlayer.o
 .debug_frame   0x00000000000001c4       0xa4 ./Core/Src/FlashPROM.o
 .debug_frame   0x0000000000000268      0x344 ./Core/Src/MexButton.o
 .debug_frame   0x00000000000005ac      0x298 ./Core/Src/TM1637Display.o
 .debug_frame   0x0000000000000844      0x1a4 ./Core/Src/main.o
 .debug_frame   0x00000000000009e8      0x18c ./Core/Src/sk6812.o
 .debug_frame   0x0000000000000b74      0x1d8 ./Core/Src/stm32f1xx_hal_msp.o
 .debug_frame   0x0000000000000d4c      0x13c ./Core/Src/stm32f1xx_it.o
 .debug_frame   0x0000000000000e88       0x58 ./Core/Src/system_stm32f1xx.o
 .debug_frame   0x0000000000000ee0      0x334 ./Drivers/STM32F1xx_HAL_Driver/Src/stm32f1xx_hal.o
 .debug_frame   0x0000000000001214      0x428 ./Drivers/STM32F1xx_HAL_Driver/Src/stm32f1xx_hal_cortex.o
 .debug_frame   0x000000000000163c      0x120 ./Drivers/STM32F1xx_HAL_Driver/Src/stm32f1xx_hal_crc.o
 .debug_frame   0x000000000000175c      0x208 ./Drivers/STM32F1xx_HAL_Driver/Src/stm32f1xx_hal_dma.o
 .debug_frame   0x0000000000001964      0x20c ./Drivers/STM32F1xx_HAL_Driver/Src/stm32f1xx_hal_flash.o
 .debug_frame   0x0000000000001b70      0x258 ./Drivers/STM32F1xx_HAL_Driver/Src/stm32f1xx_hal_flash_ex.o
 .debug_frame   0x0000000000001dc8      0x14c ./Drivers/STM32F1xx_HAL_Driver/Src/stm32f1xx_hal_gpio.o
 .debug_frame   0x0000000000001f14      0x270 ./Drivers/STM32F1xx_HAL_Driver/Src/stm32f1xx_hal_pwr.o
 .debug_frame   0x0000000000002184      0x21c ./Drivers/STM32F1xx_HAL_Driver/Src/stm32f1xx_hal_rcc.o
 .debug_frame   0x00000000000023a0       0x84 ./Drivers/STM32F1xx_HAL_Driver/Src/stm32f1xx_hal_rcc_ex.o
 .debug_frame   0x0000000000002424      0x434 ./Drivers/STM32F1xx_HAL_Driver/Src/stm32f1xx_hal_rtc.o
 .debug_frame   0x0000000000002858     0x11b8 ./Drivers/STM32F1xx_HAL_Driver/Src/stm32f1xx_hal_tim.o
 .debug_frame   0x0000000000003a10      0x638 ./Drivers/STM32F1xx_HAL_Driver/Src/stm32f1xx_hal_tim_ex.o
 .debug_frame   0x0000000000004048      0x914 ./Drivers/STM32F1xx_HAL_Driver/Src/stm32f1xx_hal_uart.o
 .debug_frame   0x000000000000495c       0x2c e:/stm32cubeide_1.8.0/stm32cubeide/plugins/com.st.stm32cube.ide.mcu.externaltools.gnu-tools-for-stm32.9-2020-q2-update.win32_2.0.0.202105311346/tools/bin/../lib/gcc/arm-none-eabi/9.3.1/../../../../arm-none-eabi/lib/thumb/v7-m/nofp\libc_nano.a(lib_a-init.o)
 .debug_frame   0x0000000000004988       0x20 e:/stm32cubeide_1.8.0/stm32cubeide/plugins/com.st.stm32cube.ide.mcu.externaltools.gnu-tools-for-stm32.9-2020-q2-update.win32_2.0.0.202105311346/tools/bin/../lib/gcc/arm-none-eabi/9.3.1/../../../../arm-none-eabi/lib/thumb/v7-m/nofp\libc_nano.a(lib_a-memset.o)
