main.cpp:92:5:int main()	360	static
main.cpp:702:6:void SystemClock_Config()	88	static
main.cpp:745:13:void MX_CRC_Init()	8	static
main.cpp:769:13:void MX_RTC_Init()	8	static
main.cpp:797:13:void MX_TIM1_Init()	96	static
main.cpp:868:13:void MX_TIM2_Init()	48	static
main.cpp:915:13:void MX_TIM4_Init()	32	static
main.cpp:957:13:void MX_USART1_UART_Init()	8	static
main.cpp:986:13:void MX_DMA_Init()	16	static
main.cpp:1003:13:void MX_GPIO_Init()	40	static
main.cpp:1041:17:RTC_TimeTypeDef remainingTime(RTC_TimeTypeDef*, RTC_TimeTypeDef*)	32	static
main.cpp:1056:6:void Error_Handler()	4	static,ignoring_inline_asm
