MexButton.cpp:10:1:MexButton::MexButton(GPIO_TypeDef*, uint16_t, bool, bool)	24	static
MexButton.cpp:25:6:void MexButton::setDebouns(uint16_t)	16	static
MexButton.cpp:28:6:void MexButton::setTimeout(uint16_t)	16	static
MexButton.cpp:31:6:void MexButton::setClickTimeout(uint16_t)	16	static
MexButton.cpp:34:6:void MexButton::setStepTimeout(uint16_t)	16	static
MexButton.cpp:37:6:void MexButton::setType(bool)	32	static
MexButton.cpp:52:6:bool MexButton::isPress()	16	static
MexButton.cpp:61:6:bool MexButton::isRelease()	16	static
MexButton.cpp:70:6:bool MexButton::isClick()	16	static
MexButton.cpp:79:6:bool MexButton::isHolded()	16	static
MexButton.cpp:88:6:bool MexButton::isHold()	16	static
MexButton.cpp:96:6:bool MexButton::state()	16	static
MexButton.cpp:101:6:bool MexButton::isSingle()	16	static
MexButton.cpp:110:6:bool MexButton::isDouble()	16	static
MexButton.cpp:119:6:bool MexButton::isTriple()	16	static
MexButton.cpp:128:6:bool MexButton::hasClicks()	16	static
MexButton.cpp:137:9:uint8_t MexButton::getClicks()	16	static
MexButton.cpp:141:9:uint8_t MexButton::getHoldClicks()	16	static
MexButton.cpp:146:6:bool MexButton::isStep(uint8_t)	16	static
MexButton.cpp:157:6:void MexButton::resetStates()	16	static
MexButton.cpp:168:6:void MexButton::tick(bool)	16	static
MexButton.cpp:175:6:void MexButton::tick()	24	static
